Archive member included to satisfy reference by file (symbol)

/home/macload1/RPi/BareMetal/gcc-arm-none-eabi-5_4-2016q3/arm-none-eabi/lib/libc.a(lib_a-memcpy-stub.o)
                              src/FreeRTOS/Source/queue.o (memcpy)
/home/macload1/RPi/BareMetal/gcc-arm-none-eabi-5_4-2016q3/arm-none-eabi/lib/libc.a(lib_a-memset.o)
                              src/FreeRTOS/Source/stream_buffer.o (memset)
/home/macload1/RPi/BareMetal/gcc-arm-none-eabi-5_4-2016q3/arm-none-eabi/lib/libc.a(lib_a-sprintf.o)
                              src/Demo/main.o (sprintf)
/home/macload1/RPi/BareMetal/gcc-arm-none-eabi-5_4-2016q3/arm-none-eabi/lib/libc.a(lib_a-svfprintf.o)
                              /home/macload1/RPi/BareMetal/gcc-arm-none-eabi-5_4-2016q3/arm-none-eabi/lib/libc.a(lib_a-sprintf.o) (_svfprintf_r)
/home/macload1/RPi/BareMetal/gcc-arm-none-eabi-5_4-2016q3/arm-none-eabi/lib/libc.a(lib_a-dtoa.o)
                              /home/macload1/RPi/BareMetal/gcc-arm-none-eabi-5_4-2016q3/arm-none-eabi/lib/libc.a(lib_a-svfprintf.o) (_dtoa_r)
/home/macload1/RPi/BareMetal/gcc-arm-none-eabi-5_4-2016q3/arm-none-eabi/lib/libc.a(lib_a-impure.o)
                              /home/macload1/RPi/BareMetal/gcc-arm-none-eabi-5_4-2016q3/arm-none-eabi/lib/libc.a(lib_a-sprintf.o) (_impure_ptr)
/home/macload1/RPi/BareMetal/gcc-arm-none-eabi-5_4-2016q3/arm-none-eabi/lib/libc.a(lib_a-localeconv.o)
                              /home/macload1/RPi/BareMetal/gcc-arm-none-eabi-5_4-2016q3/arm-none-eabi/lib/libc.a(lib_a-svfprintf.o) (_localeconv_r)
/home/macload1/RPi/BareMetal/gcc-arm-none-eabi-5_4-2016q3/arm-none-eabi/lib/libc.a(lib_a-mallocr.o)
                              /home/macload1/RPi/BareMetal/gcc-arm-none-eabi-5_4-2016q3/arm-none-eabi/lib/libc.a(lib_a-svfprintf.o) (_malloc_r)
/home/macload1/RPi/BareMetal/gcc-arm-none-eabi-5_4-2016q3/arm-none-eabi/lib/libc.a(lib_a-memchr-stub.o)
                              /home/macload1/RPi/BareMetal/gcc-arm-none-eabi-5_4-2016q3/arm-none-eabi/lib/libc.a(lib_a-svfprintf.o) (memchr)
/home/macload1/RPi/BareMetal/gcc-arm-none-eabi-5_4-2016q3/arm-none-eabi/lib/libc.a(lib_a-mlock.o)
                              /home/macload1/RPi/BareMetal/gcc-arm-none-eabi-5_4-2016q3/arm-none-eabi/lib/libc.a(lib_a-mallocr.o) (__malloc_lock)
/home/macload1/RPi/BareMetal/gcc-arm-none-eabi-5_4-2016q3/arm-none-eabi/lib/libc.a(lib_a-mprec.o)
                              /home/macload1/RPi/BareMetal/gcc-arm-none-eabi-5_4-2016q3/arm-none-eabi/lib/libc.a(lib_a-dtoa.o) (_Balloc)
/home/macload1/RPi/BareMetal/gcc-arm-none-eabi-5_4-2016q3/arm-none-eabi/lib/libc.a(lib_a-sbrkr.o)
                              /home/macload1/RPi/BareMetal/gcc-arm-none-eabi-5_4-2016q3/arm-none-eabi/lib/libc.a(lib_a-mallocr.o) (_sbrk_r)
/home/macload1/RPi/BareMetal/gcc-arm-none-eabi-5_4-2016q3/arm-none-eabi/lib/libc.a(lib_a-strlen-stub.o)
                              /home/macload1/RPi/BareMetal/gcc-arm-none-eabi-5_4-2016q3/arm-none-eabi/lib/libc.a(lib_a-svfprintf.o) (strlen)
/home/macload1/RPi/BareMetal/gcc-arm-none-eabi-5_4-2016q3/arm-none-eabi/lib/libc.a(lib_a-svfiprintf.o)
                              /home/macload1/RPi/BareMetal/gcc-arm-none-eabi-5_4-2016q3/arm-none-eabi/lib/libc.a(lib_a-svfprintf.o) (__ssprint_r)
/home/macload1/RPi/BareMetal/gcc-arm-none-eabi-5_4-2016q3/arm-none-eabi/lib/libc.a(lib_a-callocr.o)
                              /home/macload1/RPi/BareMetal/gcc-arm-none-eabi-5_4-2016q3/arm-none-eabi/lib/libc.a(lib_a-mprec.o) (_calloc_r)
/home/macload1/RPi/BareMetal/gcc-arm-none-eabi-5_4-2016q3/arm-none-eabi/lib/libc.a(lib_a-freer.o)
                              /home/macload1/RPi/BareMetal/gcc-arm-none-eabi-5_4-2016q3/arm-none-eabi/lib/libc.a(lib_a-mallocr.o) (_free_r)
/home/macload1/RPi/BareMetal/gcc-arm-none-eabi-5_4-2016q3/arm-none-eabi/lib/libc.a(lib_a-locale.o)
                              /home/macload1/RPi/BareMetal/gcc-arm-none-eabi-5_4-2016q3/arm-none-eabi/lib/libc.a(lib_a-localeconv.o) (__global_locale)
/home/macload1/RPi/BareMetal/gcc-arm-none-eabi-5_4-2016q3/arm-none-eabi/lib/libc.a(lib_a-mbtowc_r.o)
                              /home/macload1/RPi/BareMetal/gcc-arm-none-eabi-5_4-2016q3/arm-none-eabi/lib/libc.a(lib_a-locale.o) (__ascii_mbtowc)
/home/macload1/RPi/BareMetal/gcc-arm-none-eabi-5_4-2016q3/arm-none-eabi/lib/libc.a(lib_a-memmove.o)
                              /home/macload1/RPi/BareMetal/gcc-arm-none-eabi-5_4-2016q3/arm-none-eabi/lib/libc.a(lib_a-svfiprintf.o) (memmove)
/home/macload1/RPi/BareMetal/gcc-arm-none-eabi-5_4-2016q3/arm-none-eabi/lib/libc.a(lib_a-reallocr.o)
                              /home/macload1/RPi/BareMetal/gcc-arm-none-eabi-5_4-2016q3/arm-none-eabi/lib/libc.a(lib_a-svfiprintf.o) (_realloc_r)
/home/macload1/RPi/BareMetal/gcc-arm-none-eabi-5_4-2016q3/arm-none-eabi/lib/libc.a(lib_a-reent.o)
                              /home/macload1/RPi/BareMetal/gcc-arm-none-eabi-5_4-2016q3/arm-none-eabi/lib/libc.a(lib_a-sbrkr.o) (errno)
[...]
Memory Configuration

Name             Origin             Length             Attributes
RESERVED         0x00000000         0x00008000         r
INIT_RAM         0x00008000         0x00008000         xrw
RAM              0x00010000         0x08000000         xrw
HEAP             0x08010000         0x04000000         xrw
*default*        0x00000000         0xffffffff

Linker script and memory map

LOAD src/Demo/startup.o
LOAD src/FreeRTOS/Source/portable/GCC/RaspberryPi/portisr.o
LOAD src/FreeRTOS/Source/portable/GCC/RaspberryPi/port.o
LOAD src/FreeRTOS/Source/portable/MemMang/heap_4.o
LOAD src/FreeRTOS/Source/queue.o
LOAD src/FreeRTOS/Source/croutine.o
LOAD src/FreeRTOS/Source/list.o
LOAD src/FreeRTOS/Source/stream_buffer.o
LOAD src/FreeRTOS/Source/event_groups.o
LOAD src/FreeRTOS/Source/tasks.o
LOAD src/FreeRTOS/Source/timers.o
LOAD src/Demo/Drivers/interrupts.o
LOAD src/Demo/Drivers/uart.o
LOAD src/Demo/Drivers/gpio.o
LOAD src/Demo/Drivers/bcm2835.o
LOAD src/Demo/Graphics/mailbox.o
LOAD src/Demo/Graphics/framebuffer.o
LOAD src/Demo/Tasks/displayTask.o
LOAD src/Demo/main.o
LOAD src/uGFX/src/gfx.o
LOAD src/uGFX/src/gos/chibios.o
LOAD src/uGFX/src/gos/freertos.o
LOAD src/uGFX/src/gos/win32.o
LOAD src/uGFX/src/gos/linux.o
LOAD src/uGFX/src/gos/osx.o
LOAD src/uGFX/src/gos/raw32.o
LOAD src/uGFX/src/gqueue/gqueue.o
LOAD src/uGFX/src/gdisp/gdisp.o
LOAD src/uGFX/src/gdisp/fonts.o
LOAD src/uGFX/src/gdisp/image.o
LOAD src/uGFX/src/gdisp/image_native.o
LOAD src/uGFX/src/gdisp/image_gif.o
LOAD src/uGFX/src/gdisp/image_bmp.o
LOAD src/uGFX/src/gdisp/image_jpg.o
LOAD src/uGFX/src/gdisp/image_png.o
LOAD src/uGFX/src/gdisp/mcufont/mf_encoding.o
LOAD src/uGFX/src/gdisp/mcufont/mf_font.o
LOAD src/uGFX/src/gdisp/mcufont/mf_justify.o
LOAD src/uGFX/src/gdisp/mcufont/mf_kerning.o
LOAD src/uGFX/src/gdisp/mcufont/mf_rlefont.o
LOAD src/uGFX/src/gdisp/mcufont/mf_bwfont.o
LOAD src/uGFX/src/gdisp/mcufont/mf_scaledfont.o
LOAD src/uGFX/src/gdisp/mcufont/mf_wordwrap.o
LOAD src/uGFX/src/gevent/gevent.o
LOAD src/uGFX/src/gtimer/gtimer.o
LOAD src/uGFX/src/gwin/gwin.o
LOAD src/uGFX/src/gwin/gwidget.o
LOAD src/uGFX/src/gwin/gwm.o
LOAD src/uGFX/src/gwin/console.o
LOAD src/uGFX/src/gwin/graph.o
LOAD src/uGFX/src/gwin/button.o
LOAD src/uGFX/src/gwin/slider.o
LOAD src/uGFX/src/gwin/checkbox.o
LOAD src/uGFX/src/gwin/gimage.o
LOAD src/uGFX/src/gwin/label.o
LOAD src/uGFX/src/gwin/radio.o
LOAD src/uGFX/src/gwin/list.o
LOAD src/uGFX/src/gwin/progressbar.o
LOAD src/uGFX/src/gwin/gcontainer.o
LOAD src/uGFX/src/gwin/frame.o
LOAD src/uGFX/src/ginput/ginput.o
LOAD src/uGFX/src/ginput/mouse.o
LOAD src/uGFX/src/ginput/keyboard.o
LOAD src/uGFX/src/ginput/toggle.o
LOAD src/uGFX/src/ginput/dial.o
LOAD src/uGFX/src/gadc/gadc.o
LOAD src/uGFX/src/gaudio/gaudio.o
LOAD src/uGFX/src/gmisc/gmisc.o
LOAD src/uGFX/src/gmisc/arrayops.o
LOAD src/uGFX/src/gmisc/trig.o
LOAD src/uGFX/src/gfile/fatfs/fatfs.o
LOAD src/uGFX/src/gfile/fatfs/fatfs_syscall.o
LOAD src/uGFX/src/gfile/fatfs/fatfs_chibios_diskio.o
LOAD src/uGFX/src/gfile/gfile.o
LOAD src/uGFX/drivers/gdisp/framebuffer/gdisp_lld_framebuffer.o
LOAD /home/macload1/RPi/BareMetal/gcc-arm-none-eabi-5_4-2016q3/arm-none-eabi/lib/libc.a
LOAD /home/macload1/RPi/BareMetal/gcc-arm-none-eabi-5_4-2016q3/arm-none-eabi/lib/librdimon.a
START GROUP
LOAD /home/macload1/RPi/BareMetal/gcc-arm-none-eabi-5_4-2016q3/bin/../lib/gcc/arm-none-eabi/5.4.1/libgcc.a
LOAD /home/macload1/RPi/BareMetal/gcc-arm-none-eabi-5_4-2016q3/arm-none-eabi/lib/libc.a
END GROUP

.init           0x00008000       0xa4
 *(.init)
 .init          0x00008000       0xa4 src/Demo/startup.o
                0x00008000                _start

.module_entries
                0x000080a4        0x0
                0x000080a4                __module_entries_start = .
 *(.module_entries)
 *(.module_entries.*)
                0x000080a4                __module_entries_end = .
                0x00000000                __module_entries_size = SIZEOF (.module_entries)

.text           0x00010000    0x138b8
 *(.text)
 .text          0x00010000       0x18 src/Demo/startup.o
 .text          0x00010018      0x2ac src/FreeRTOS/Source/portable/GCC/RaspberryPi/portisr.o
                0x00010018                vPortISRStartFirstTask
                0x000100b0                vPortYieldProcessor
                0x00010164                vFreeRTOS_ISR
                0x00010214                vPortEnterCritical
                0x00010258                vPortExitCritical
 .text          0x000102c4      0x334 src/FreeRTOS/Source/portable/GCC/RaspberryPi/port.o
                0x000102c4                pxPortInitialiseStack
                0x00010504                xPortStartScheduler
                0x00010520                vPortEndScheduler
                0x00010538                vTickISR
 .text          0x000105f8      0x598 src/FreeRTOS/Source/portable/MemMang/heap_4.o
                0x000105f8                pvPortMalloc
                0x00010818                vPortFree
                0x000108e4                xPortGetFreeHeapSize
                0x00010908                xPortGetMinimumEverFreeHeapSize
                0x0001092c                vPortInitialiseBlocks
 .text          0x00010b90     0x1514 src/FreeRTOS/Source/queue.o
                0x00010b90                xQueueGenericReset
                0x00010cac                xQueueGenericCreate
                0x00010e20                xQueueCreateMutex
                0x00010e74                xQueueGiveMutexRecursive
                0x00010f00                xQueueTakeMutexRecursive
                0x00010f94                xQueueCreateCountingSemaphore
                0x00010fe4                xQueueGenericSend
                0x000111bc                xQueueGenericSendFromISR
                0x000112b8                xQueueGiveFromISR
                0x000113a8                xQueueReceive
                0x00011578                xQueueSemaphoreTake
                0x000117c0                xQueuePeek
                0x00011998                xQueueReceiveFromISR
                0x00011a90                xQueuePeekFromISR
                0x00011b0c                uxQueueMessagesWaiting
                0x00011b40                uxQueueSpacesAvailable
                0x00011b88                uxQueueMessagesWaitingFromISR
                0x00011bb8                vQueueDelete
                0x00011fb8                xQueueIsQueueEmptyFromISR
                0x00012054                xQueueIsQueueFullFromISR
 .text          0x000120a4        0x0 src/FreeRTOS/Source/croutine.o
 .text          0x000120a4      0x294 src/FreeRTOS/Source/list.o
                0x000120a4                vListInitialise
                0x0001210c                vListInitialiseItem
                0x00012138                vListInsertEnd
                0x000121c0                vListInsert
                0x00012298                uxListRemove
 .text          0x00012338      0xe34 src/FreeRTOS/Source/stream_buffer.o
                0x00012338                xStreamBufferGenericCreate
                0x000123c0                vStreamBufferDelete
                0x00012414                xStreamBufferReset
                0x000124c0                xStreamBufferSetTriggerLevel
                0x00012538                xStreamBufferSpacesAvailable
                0x000125c4                xStreamBufferBytesAvailable
                0x000125f8                xStreamBufferSend
                0x00012798                xStreamBufferSendFromISR
                0x00012970                xStreamBufferReceive
                0x00012ae0                xStreamBufferReceiveFromISR
                0x00012c80                xStreamBufferIsEmpty
                0x00012ce0                xStreamBufferIsFull
                0x00012d5c                xStreamBufferSendCompletedFromISR
                0x00012de0                xStreamBufferReceiveCompletedFromISR
 .text          0x0001316c      0x71c src/FreeRTOS/Source/event_groups.o
                0x0001316c                xEventGroupCreate
                0x000131bc                xEventGroupSync
                0x0001334c                xEventGroupWaitBits
                0x0001351c                xEventGroupClearBits
                0x00013578                xEventGroupGetBitsFromISR
                0x000135b8                xEventGroupSetBits
                0x00013748                vEventGroupDelete
                0x000137b0                vEventGroupSetBitsCallback
                0x000137dc                vEventGroupClearBitsCallback
 .text          0x00013888     0x2ca4 src/FreeRTOS/Source/tasks.o
                0x00013888                xTaskCreate
                0x00013c84                vTaskDelete
                0x00013dac                vTaskDelayUntil
                0x00013eb4                vTaskDelay
                0x00013f0c                eTaskGetState
                0x00014018                uxTaskPriorityGet
                0x00014070                uxTaskPriorityGetFromISR
                0x000140cc                vTaskPrioritySet
                0x000142d4                vTaskSuspend
                0x000144a4                vTaskResume
                0x0001459c                xTaskResumeFromISR
                0x000146b4                vTaskStartScheduler
                0x00014754                vTaskEndScheduler
                0x0001478c                vTaskSuspendAll
                0x000147bc                xTaskResumeAll
                0x00014990                xTaskGetTickCount
                0x000149c4                xTaskGetTickCountFromISR
                0x000149fc                uxTaskGetNumberOfTasks
                0x00014a20                pcTaskGetName
                0x00014a6c                xTaskIncrementTick
                0x00014cdc                vTaskSetApplicationTaskTag
                0x00014d38                xTaskGetApplicationTaskTag
                0x00014d94                xTaskCallApplicationTaskHook
                0x00014e10                vTaskSwitchContext
                0x00014fc4                vTaskPlaceOnEventList
                0x0001500c                vTaskPlaceOnUnorderedEventList
                0x0001506c                xTaskRemoveFromEventList
                0x00015194                vTaskRemoveFromUnorderedEventList
                0x0001527c                vTaskSetTimeOutState
                0x000152c8                vTaskInternalSetTimeOutState
                0x00015310                xTaskCheckForTimeOut
                0x0001540c                vTaskMissedYield
                0x0001561c                uxTaskGetStackHighWaterMark
                0x00015730                xTaskGetCurrentTaskHandle
                0x00015760                xTaskGetSchedulerState
                0x000157c8                xTaskPriorityInherit
                0x00015960                xTaskPriorityDisinherit
                0x00015a78                vTaskPriorityDisinheritAfterTimeout
                0x00015bf4                uxTaskResetEventItemValue
                0x00015c44                pvTaskIncrementMutexHeldCount
                0x00015c8c                ulTaskNotifyTake
                0x00015d64                xTaskNotifyWait
                0x00015e7c                xTaskGenericNotify
                0x0001602c                xTaskGenericNotifyFromISR
                0x00016234                vTaskNotifyGiveFromISR
                0x0001638c                xTaskNotifyStateClear
 .text          0x0001652c        0x0 src/FreeRTOS/Source/timers.o
 .text          0x0001652c      0x3e4 src/Demo/Drivers/interrupts.o
                0x00016574                irqHandler
                0x00016650                InitInterruptController
                0x000166c4                RegisterInterrupt
                0x00016740                EnableInterrupt
                0x00016810                DisableInterrupt
                0x000168e0                EnableInterrupts
                0x000168f8                DisableInterrupts
 .text          0x00016910      0x200 src/Demo/Drivers/uart.o
                0x000169ac                uart_init
                0x00016a70                uart_putc
                0x00016ac8                uart_puts
 .text          0x00016b10      0x5d8 src/Demo/Drivers/gpio.o
                0x00016b10                SetGpioFunction
                0x00016bec                SetGpioDirection
                0x00016c20                SetGpio
                0x00016cd8                ReadGpio
                0x00016d28                EnableGpioDetect
                0x00016ed8                DisableGpioDetect
                0x00017090                ClearGpioInterrupt
 .text          0x000170e8     0x27ac src/Demo/Drivers/bcm2835.o
                0x000170e8                bcm2835_peri_read
                0x00017120                bcm2835_peri_read_nb
                0x00017148                bcm2835_peri_write
                0x00017184                bcm2835_peri_write_nb
                0x000171b4                bcm2835_peri_set_bits
                0x00017214                bcm2835_gpio_fsel
                0x000172d8                bcm2835_gpio_set
                0x00017344                bcm2835_gpio_clr
                0x000173b0                bcm2835_gpio_set_multi
                0x000173ec                bcm2835_gpio_clr_multi
                0x00017428                bcm2835_gpio_lev
                0x000174b0                bcm2835_gpio_eds
                0x00017538                bcm2835_gpio_set_eds
                0x000175a8                bcm2835_gpio_ren
                0x0001761c                bcm2835_gpio_clr_ren
                0x00017690                bcm2835_gpio_fen
                0x00017704                bcm2835_gpio_clr_fen
                0x00017778                bcm2835_gpio_hen
                0x000177ec                bcm2835_gpio_clr_hen
                0x00017860                bcm2835_gpio_len
                0x000178d4                bcm2835_gpio_clr_len
                0x00017948                bcm2835_gpio_aren
                0x000179bc                bcm2835_gpio_clr_aren
                0x00017a30                bcm2835_gpio_afen
                0x00017aa4                bcm2835_gpio_clr_afen
                0x00017b18                bcm2835_gpio_pud
                0x00017b5c                bcm2835_gpio_pudclk
                0x00017be8                bcm2835_gpio_pad
                0x00017c34                bcm2835_gpio_set_pad
                0x00017c8c                bcm2835_delay
                0x00017cc8                bcm2835_delayMicroseconds
                0x00017cf8                bcm2835_gpio_write
                0x00017d4c                bcm2835_gpio_write_multi
                0x00017d90                bcm2835_gpio_write_mask
                0x00017ddc                bcm2835_gpio_set_pud
                0x00017e54                bcm2835_spi_begin
                0x00017eb8                bcm2835_spi_end
                0x00017eec                bcm2835_spi_setBitOrder
                0x00017f10                bcm2835_spi_setClockDivider
                0x00017f54                bcm2835_spi_setDataMode
                0x00017f9c                bcm2835_spi_transfer
                0x00018068                bcm2835_spi_transfernb
                0x000181d4                bcm2835_spi_writenb
                0x00018304                bcm2835_spi_transfern
                0x00018334                bcm2835_spi_chipSelect
                0x00018378                bcm2835_spi_setChipSelectPolarity
                0x000183e8                bcm2835_i2c_begin
                0x000184a0                bcm2835_i2c_end
                0x000184c8                bcm2835_i2c_setSlaveAddress
                0x0001850c                bcm2835_i2c_setClockDivider
                0x000185b4                bcm2835_i2c_set_baudrate
                0x00018608                bcm2835_i2c_write
                0x000187f0                bcm2835_i2c_read
                0x000189e0                bcm2835_i2c_read_register_rs
                0x00018c84                bcm2835_i2c_write_read_rs
                0x00018f6c                bcm2835_st_read
                0x00018ffc                bcm2835_st_delay
                0x00019048                bcm2835_pwm_set_clock
                0x0001910c                bcm2835_pwm_set_mode
                0x00019224                bcm2835_pwm_set_range
                0x00019298                bcm2835_pwm_set_data
                0x0001930c                bcm2835_aux_muart_init
                0x00019424                bcm2835_aux_muart_transfer
                0x00019494                bcm2835_aux_muart_transfernb
                0x000194f0                bcm2835_aux_muart_transfer_hex
                0x00019580                bcm2835_aux_muart_transfer_hexnl
                0x000195b4                bcm2835_mail_write
                0x00019638                bcm2835_mail_read
                0x000196bc                bcm2835_fb_init
                0x00019794                bcm2835_init
                0x00019878                bcm2835_close
 .text          0x00019894      0x110 src/Demo/Graphics/mailbox.o
                0x00019894                readmailbox
                0x00019920                writemailbox
 .text          0x000199a4       0xdc src/Demo/Graphics/framebuffer.o
                0x000199a4                fb_init
 .text          0x00019a80      0x360 src/Demo/Tasks/displayTask.o
                0x00019a80                guiThread
 .text          0x00019de0      0x428 src/Demo/main.o
                0x00019de0                vGPIOISR
                0x00019e34                task1
                0x00019e54                task2
                0x00019ec8                main
                0x0001a120                vApplicationStackOverflowHook
                0x0001a14c                vApplicationTickHook
                0x0001a164                _sbrk
 .text          0x0001a208       0x80 src/uGFX/src/gfx.o
                0x0001a208                gfxInit
                0x0001a248                gfxDeinit
 .text          0x0001a288        0x0 src/uGFX/src/gos/chibios.o
 .text          0x0001a288      0x470 src/uGFX/src/gos/freertos.o
                0x0001a288                _gosInit
                0x0001a2a0                _gosDeinit
                0x0001a2b8                gfxRealloc
                0x0001a33c                gfxSleepMilliseconds
                0x0001a368                gfxSleepMicroseconds
                0x0001a3a4                MS2ST
                0x0001a3c8                gfxMutexInit
                0x0001a3f8                gfxSemInit
                0x0001a46c                gfxSemDestroy
                0x0001a498                gfxSemWait
                0x0001a518                gfxSemWaitI
                0x0001a594                gfxSemSignal
                0x0001a600                gfxSemSignalI
                0x0001a668                gfxThreadCreate
 .text          0x0001a6f8        0x0 src/uGFX/src/gos/win32.o
 .text          0x0001a6f8        0x0 src/uGFX/src/gos/linux.o
 .text          0x0001a6f8        0x0 src/uGFX/src/gos/osx.o
 .text          0x0001a6f8        0x0 src/uGFX/src/gos/raw32.o
 .text          0x0001a6f8        0x0 src/uGFX/src/gqueue/gqueue.o
 .text          0x0001a6f8     0x2790 src/uGFX/src/gdisp/gdisp.o
                0x0001aee0                _gdispInit
                0x0001afd4                _gdispDeinit
                0x0001afec                gdispGetDisplay
                0x0001b040                gdispSetDisplay
                0x0001b07c                gdispGFlush
                0x0001b09c                gdispGDrawPixel
                0x0001b0f0                gdispGDrawLine
                0x0001b15c                gdispGClear
                0x0001b224                gdispGFillArea
                0x0001b428                gdispGBlitArea
                0x0001b708                gdispGSetClip
                0x0001b868                gdispGControl
                0x0001b984                gdispGDrawBox
                0x0001bdc0                gdispGDrawChar
                0x0001beb4                gdispGFillChar
                0x0001c1c0                gdispGDrawString
                0x0001c2c0                gdispGFillString
                0x0001c5d4                gdispGDrawStringBox
                0x0001c750                gdispGFillStringBox
                0x0001cac0                gdispGetFontMetric
                0x0001cb84                gdispGetCharWidth
                0x0001cbc0                gdispGetStringWidth
                0x0001cbf8                gdispBlendColor
                0x0001cda4                gdispContrastColor
 .text          0x0001ce88      0x2a0 src/uGFX/src/gdisp/fonts.o
                0x0001cf94                gdispOpenFont
                0x0001d064                gdispCloseFont
                0x0001d0b0                gdispScaleFont
                0x0001d100                gdispGetFontName
 .text          0x0001d128        0x0 src/uGFX/src/gdisp/image.o
 .text          0x0001d128        0x0 src/uGFX/src/gdisp/image_native.o
 .text          0x0001d128        0x0 src/uGFX/src/gdisp/image_gif.o
 .text          0x0001d128        0x0 src/uGFX/src/gdisp/image_bmp.o
 .text          0x0001d128        0x0 src/uGFX/src/gdisp/image_jpg.o
 .text          0x0001d128        0x0 src/uGFX/src/gdisp/image_png.o
 .text          0x0001d128       0x88 src/uGFX/src/gdisp/mcufont/mf_encoding.o
                0x0001d128                mf_getchar
                0x0001d17c                mf_rewind
 .text          0x0001d1b0      0x260 src/uGFX/src/gdisp/mcufont/mf_font.o
                0x0001d1b0                mf_render_character
                0x0001d25c                mf_character_width
                0x0001d354                mf_find_font
                0x0001d3f0                mf_get_font_list
 .text          0x0001d410      0x794 src/uGFX/src/gdisp/mcufont/mf_justify.o
                0x0001d5b0                mf_get_string_width
                0x0001da14                mf_render_aligned
                0x0001db48                mf_render_justified
 .text          0x0001dba4        0x0 src/uGFX/src/gdisp/mcufont/mf_kerning.o
 .text          0x0001dba4      0x9c0 src/uGFX/src/gdisp/mcufont/mf_rlefont.o
                0x0001e40c                mf_rlefont_render_character
                0x0001e510                mf_rlefont_character_width
 .text          0x0001e564      0x58c src/uGFX/src/gdisp/mcufont/mf_bwfont.o
                0x0001e9fc                mf_bwfont_render_character
                0x0001ea84                mf_bwfont_character_width
 .text          0x0001eaf0      0x3a8 src/uGFX/src/gdisp/mcufont/mf_scaledfont.o
                0x0001ec10                mf_scaled_character_width
                0x0001ec78                mf_scaled_render_character
                0x0001ed38                mf_scale_font
 .text          0x0001ee98      0x224 src/uGFX/src/gdisp/mcufont/mf_wordwrap.o
                0x0001ef0c                mf_wordwrap
 .text          0x0001f0bc        0x0 src/uGFX/src/gevent/gevent.o
 .text          0x0001f0bc        0x0 src/uGFX/src/gtimer/gtimer.o
 .text          0x0001f0bc      0xd8c src/uGFX/src/gwin/gwin.o
                0x0001f0bc                _gwinInit
                0x0001f0d0                _gwinDeinit
                0x0001f0e4                _gwindowCreate
                0x0001f1f4                gwinClearInit
                0x0001f254                gwinSetDefaultColor
                0x0001f288                gwinGetDefaultColor
                0x0001f2ac                gwinSetDefaultBgColor
                0x0001f2e0                gwinGetDefaultBgColor
                0x0001f304                gwinSetDefaultFont
                0x0001f334                gwinGetDefaultFont
                0x0001f358                gwinGWindowCreate
                0x0001f3cc                gwinDestroy
                0x0001f464                gwinGetClassName
                0x0001f490                gwinGetVisible
                0x0001f4d0                gwinGetEnabled
                0x0001f510                gwinSetFont
                0x0001f540                gwinClear
                0x0001f5e4                gwinDrawPixel
                0x0001f678                gwinDrawLine
                0x0001f754                gwinDrawBox
                0x0001f7fc                gwinFillArea
                0x0001f8a4                gwinBlitArea
                0x0001f960                gwinDrawChar
                0x0001fa24                gwinFillChar
                0x0001faf8                gwinDrawString
                0x0001fbb4                gwinFillString
                0x0001fc80                gwinDrawStringBox
                0x0001fd5c                gwinFillStringBox
 .text          0x0001fe48        0x0 src/uGFX/src/gwin/gwidget.o
 .text          0x0001fe48      0x81c src/uGFX/src/gwin/gwm.o
                0x0001fe48                _gwmInit
                0x0001fe64                _gwmDeinit
                0x0001fe88                _gwinWMAdd
                0x0001ff20                _gwinFlushRedraws
                0x00020018                _gwinUpdate
                0x0002019c                _gwinDrawStart
                0x000201e0                _gwinDrawEnd
                0x00020204                gwinSetVisible
                0x000202ac                gwinSetEnabled
                0x00020340                gwinMove
                0x00020508                gwinResize
                0x00020640                gwinRedraw
 .text          0x00020664     0x142c src/uGFX/src/gwin/console.o
                0x00020974                gwinGConsoleCreate
                0x00020a28                gwinPutChar
                0x00021230                gwinPutString
                0x00021280                gwinPutCharArray
                0x00021408                gwinPrintf
 .text          0x00021a90        0x0 src/uGFX/src/gwin/graph.o
 .text          0x00021a90        0x0 src/uGFX/src/gwin/button.o
 .text          0x00021a90        0x0 src/uGFX/src/gwin/slider.o
 .text          0x00021a90        0x0 src/uGFX/src/gwin/checkbox.o
 .text          0x00021a90        0x0 src/uGFX/src/gwin/gimage.o
 .text          0x00021a90        0x0 src/uGFX/src/gwin/label.o
 .text          0x00021a90        0x0 src/uGFX/src/gwin/radio.o
 .text          0x00021a90        0x0 src/uGFX/src/gwin/list.o
 .text          0x00021a90        0x0 src/uGFX/src/gwin/progressbar.o
 .text          0x00021a90        0x0 src/uGFX/src/gwin/gcontainer.o
 .text          0x00021a90        0x0 src/uGFX/src/gwin/frame.o
 .text          0x00021a90        0x0 src/uGFX/src/ginput/ginput.o
 .text          0x00021a90        0x0 src/uGFX/src/ginput/mouse.o
 .text          0x00021a90        0x0 src/uGFX/src/ginput/keyboard.o
 .text          0x00021a90        0x0 src/uGFX/src/ginput/toggle.o
 .text          0x00021a90        0x0 src/uGFX/src/ginput/dial.o
 .text          0x00021a90        0x0 src/uGFX/src/gadc/gadc.o
 .text          0x00021a90        0x0 src/uGFX/src/gaudio/gaudio.o
 .text          0x00021a90        0x0 src/uGFX/src/gmisc/gmisc.o
 .text          0x00021a90        0x0 src/uGFX/src/gmisc/arrayops.o
 .text          0x00021a90        0x0 src/uGFX/src/gmisc/trig.o
 .text          0x00021a90        0x0 src/uGFX/src/gfile/fatfs/fatfs.o
 .text          0x00021a90        0x0 src/uGFX/src/gfile/fatfs/fatfs_syscall.o
 .text          0x00021a90        0x0 src/uGFX/src/gfile/fatfs/fatfs_chibios_diskio.o
 .text          0x00021a90        0x0 src/uGFX/src/gfile/gfile.o
 .text          0x00021a90      0x73c src/uGFX/drivers/gdisp/framebuffer/gdisp_lld_framebuffer.o
                0x00021bac                gdisp_lld_init
                0x00021c38                gdisp_lld_draw_pixel
                0x00021dc8                gdisp_lld_get_pixel_color
                0x00021f58                gdisp_lld_control
 .text          0x000221cc        0x0 /home/macload1/RPi/BareMetal/gcc-arm-none-eabi-5_4-2016q3/arm-none-eabi/lib/libc.a(lib_a-memcpy-stub.o)
 .text          0x000221cc        0x0 /home/macload1/RPi/BareMetal/gcc-arm-none-eabi-5_4-2016q3/arm-none-eabi/lib/libc.a(lib_a-memset.o)
 .text          0x000221cc        0x0 /home/macload1/RPi/BareMetal/gcc-arm-none-eabi-5_4-2016q3/arm-none-eabi/lib/libc.a(lib_a-sprintf.o)
 .text          0x000221cc        0x0 /home/macload1/RPi/BareMetal/gcc-arm-none-eabi-5_4-2016q3/arm-none-eabi/lib/libc.a(lib_a-svfprintf.o)
 .text          0x000221cc        0x0 /home/macload1/RPi/BareMetal/gcc-arm-none-eabi-5_4-2016q3/arm-none-eabi/lib/libc.a(lib_a-dtoa.o)
 .text          0x000221cc        0x0 /home/macload1/RPi/BareMetal/gcc-arm-none-eabi-5_4-2016q3/arm-none-eabi/lib/libc.a(lib_a-impure.o)
 .text          0x000221cc        0x0 /home/macload1/RPi/BareMetal/gcc-arm-none-eabi-5_4-2016q3/arm-none-eabi/lib/libc.a(lib_a-localeconv.o)
 .text          0x000221cc        0x0 /home/macload1/RPi/BareMetal/gcc-arm-none-eabi-5_4-2016q3/arm-none-eabi/lib/libc.a(lib_a-mallocr.o)
 .text          0x000221cc        0x0 /home/macload1/RPi/BareMetal/gcc-arm-none-eabi-5_4-2016q3/arm-none-eabi/lib/libc.a(lib_a-memchr-stub.o)
 .text          0x000221cc        0x0 /home/macload1/RPi/BareMetal/gcc-arm-none-eabi-5_4-2016q3/arm-none-eabi/lib/libc.a(lib_a-mlock.o)
 .text          0x000221cc        0x0 /home/macload1/RPi/BareMetal/gcc-arm-none-eabi-5_4-2016q3/arm-none-eabi/lib/libc.a(lib_a-mprec.o)
 .text          0x000221cc        0x0 /home/macload1/RPi/BareMetal/gcc-arm-none-eabi-5_4-2016q3/arm-none-eabi/lib/libc.a(lib_a-sbrkr.o)
 .text          0x000221cc        0x0 /home/macload1/RPi/BareMetal/gcc-arm-none-eabi-5_4-2016q3/arm-none-eabi/lib/libc.a(lib_a-strlen-stub.o)
 .text          0x000221cc        0x0 /home/macload1/RPi/BareMetal/gcc-arm-none-eabi-5_4-2016q3/arm-none-eabi/lib/libc.a(lib_a-svfiprintf.o)
 .text          0x000221cc        0x0 /home/macload1/RPi/BareMetal/gcc-arm-none-eabi-5_4-2016q3/arm-none-eabi/lib/libc.a(lib_a-callocr.o)
 .text          0x000221cc        0x0 /home/macload1/RPi/BareMetal/gcc-arm-none-eabi-5_4-2016q3/arm-none-eabi/lib/libc.a(lib_a-freer.o)
 .text          0x000221cc        0x0 /home/macload1/RPi/BareMetal/gcc-arm-none-eabi-5_4-2016q3/arm-none-eabi/lib/libc.a(lib_a-locale.o)
 .text          0x000221cc        0x0 /home/macload1/RPi/BareMetal/gcc-arm-none-eabi-5_4-2016q3/arm-none-eabi/lib/libc.a(lib_a-mbtowc_r.o)
 .text          0x000221cc        0x0 /home/macload1/RPi/BareMetal/gcc-arm-none-eabi-5_4-2016q3/arm-none-eabi/lib/libc.a(lib_a-memmove.o)
 .text          0x000221cc        0x0 /home/macload1/RPi/BareMetal/gcc-arm-none-eabi-5_4-2016q3/arm-none-eabi/lib/libc.a(lib_a-reallocr.o)
 .text          0x000221cc        0x0 /home/macload1/RPi/BareMetal/gcc-arm-none-eabi-5_4-2016q3/arm-none-eabi/lib/libc.a(lib_a-reent.o)
 .text          0x000221cc      0x224 /home/macload1/RPi/BareMetal/gcc-arm-none-eabi-5_4-2016q3/arm-none-eabi/lib/libc.a(lib_a-strcmp.o)
                0x000221cc                strcmp
 .text          0x000223f0        0x0 /home/macload1/RPi/BareMetal/gcc-arm-none-eabi-5_4-2016q3/arm-none-eabi/lib/libc.a(lib_a-wctomb_r.o)
 .text          0x000223f0        0x0 /home/macload1/RPi/BareMetal/gcc-arm-none-eabi-5_4-2016q3/arm-none-eabi/lib/libc.a(lib_a-ctype_.o)
 .text          0x000223f0      0x114 /home/macload1/RPi/BareMetal/gcc-arm-none-eabi-5_4-2016q3/bin/../lib/gcc/arm-none-eabi/5.4.1/libgcc.a(_udivsi3.o)
                0x000223f0                __udivsi3
                0x000223f0                __aeabi_uidiv
                0x000224e4                __aeabi_uidivmod
 .text          0x00022504      0x148 /home/macload1/RPi/BareMetal/gcc-arm-none-eabi-5_4-2016q3/bin/../lib/gcc/arm-none-eabi/5.4.1/libgcc.a(_divsi3.o)
                0x00022504                __aeabi_idiv
                0x00022504                __divsi3
                0x0002262c                __aeabi_idivmod
 .text          0x0002264c        0x4 /home/macload1/RPi/BareMetal/gcc-arm-none-eabi-5_4-2016q3/bin/../lib/gcc/arm-none-eabi/5.4.1/libgcc.a(_dvmd_tls.o)
                0x0002264c                __aeabi_ldiv0
                0x0002264c                __aeabi_idiv0
 .text          0x00022650      0x41c /home/macload1/RPi/BareMetal/gcc-arm-none-eabi-5_4-2016q3/bin/../lib/gcc/arm-none-eabi/5.4.1/libgcc.a(_arm_addsubdf3.o)
                0x00022650                __aeabi_drsub
                0x00022658                __aeabi_dsub
                0x00022658                __subdf3
                0x0002265c                __adddf3
                0x0002265c                __aeabi_dadd
                0x0002296c                __aeabi_ui2d
                0x0002296c                __floatunsidf
                0x00022990                __floatsidf
                0x00022990                __aeabi_i2d
                0x000229b8                __extendsfdf2
                0x000229b8                __aeabi_f2d
                0x000229f8                __aeabi_ul2d
                0x000229f8                __floatundidf
                0x00022a0c                __floatdidf
                0x00022a0c                __aeabi_l2d
 .text          0x00022a6c      0x49c /home/macload1/RPi/BareMetal/gcc-arm-none-eabi-5_4-2016q3/bin/../lib/gcc/arm-none-eabi/5.4.1/libgcc.a(_arm_muldivdf3.o)
                0x00022a6c                __aeabi_dmul
                0x00022a6c                __muldf3
                0x00022cfc                __aeabi_ddiv
                0x00022cfc                __divdf3
 .text          0x00022f08      0x144 /home/macload1/RPi/BareMetal/gcc-arm-none-eabi-5_4-2016q3/bin/../lib/gcc/arm-none-eabi/5.4.1/libgcc.a(_arm_cmpdf2.o)
                0x00022f08                __gtdf2
                0x00022f08                __gedf2
                0x00022f10                __ltdf2
                0x00022f10                __ledf2
                0x00022f18                __cmpdf2
                0x00022f18                __eqdf2
                0x00022f18                __nedf2
                0x00022fa0                __aeabi_cdrcmple
                0x00022fbc                __aeabi_cdcmple
                0x00022fbc                __aeabi_cdcmpeq
                0x00022fd4                __aeabi_dcmpeq
                0x00022fec                __aeabi_dcmplt
                0x00023004                __aeabi_dcmple
                0x0002301c                __aeabi_dcmpge
                0x00023034                __aeabi_dcmpgt
 .text          0x0002304c       0x38 /home/macload1/RPi/BareMetal/gcc-arm-none-eabi-5_4-2016q3/bin/../lib/gcc/arm-none-eabi/5.4.1/libgcc.a(_arm_unorddf2.o)
                0x0002304c                __aeabi_dcmpun
                0x0002304c                __unorddf2
 .text          0x00023084       0x5c /home/macload1/RPi/BareMetal/gcc-arm-none-eabi-5_4-2016q3/bin/../lib/gcc/arm-none-eabi/5.4.1/libgcc.a(_arm_fixdfsi.o)
                0x00023084                __fixdfsi
                0x00023084                __aeabi_d2iz
 .text          0x000230e0      0x2ac /home/macload1/RPi/BareMetal/gcc-arm-none-eabi-5_4-2016q3/bin/../lib/gcc/arm-none-eabi/5.4.1/libgcc.a(_arm_addsubsf3.o)
                0x000230e0                __aeabi_frsub
                0x000230e8                __subsf3
                0x000230e8                __aeabi_fsub
                0x000230ec                __aeabi_fadd
                0x000230ec                __addsf3
                0x000232a8                __aeabi_ui2f
                0x000232a8                __floatunsisf
                0x000232b0                __aeabi_i2f
                0x000232b0                __floatsisf
                0x000232d0                __floatundisf
                0x000232d0                __aeabi_ul2f
                0x000232e0                __floatdisf
                0x000232e0                __aeabi_l2f
 .text          0x0002338c      0x2f8 /home/macload1/RPi/BareMetal/gcc-arm-none-eabi-5_4-2016q3/bin/../lib/gcc/arm-none-eabi/5.4.1/libgcc.a(_arm_muldivsf3.o)
                0x0002338c                __mulsf3
                0x0002338c                __aeabi_fmul
                0x00023524                __divsf3
                0x00023524                __aeabi_fdiv
 .text          0x00023684       0x5c /home/macload1/RPi/BareMetal/gcc-arm-none-eabi-5_4-2016q3/bin/../lib/gcc/arm-none-eabi/5.4.1/libgcc.a(_arm_fixsfsi.o)
                0x00023684                __fixsfsi
                0x00023684                __aeabi_f2iz
 .text          0x000236e0       0x3c /home/macload1/RPi/BareMetal/gcc-arm-none-eabi-5_4-2016q3/bin/../lib/gcc/arm-none-eabi/5.4.1/libgcc.a(_aeabi_uldivmod.o)
                0x000236e0                __aeabi_uldivmod
 .text          0x0002371c      0x12c /home/macload1/RPi/BareMetal/gcc-arm-none-eabi-5_4-2016q3/bin/../lib/gcc/arm-none-eabi/5.4.1/libgcc.a(_udivmoddi4.o)
                0x0002371c                __udivmoddi4
 .text          0x00023848       0x28 /home/macload1/RPi/BareMetal/gcc-arm-none-eabi-5_4-2016q3/bin/../lib/gcc/arm-none-eabi/5.4.1/libgcc.a(_clzdi2.o)
                0x00023848                __clzdi2
 .text          0x00023870       0x48 /home/macload1/RPi/BareMetal/gcc-arm-none-eabi-5_4-2016q3/bin/../lib/gcc/arm-none-eabi/5.4.1/libgcc.a(_clzsi2.o)
                0x00023870                __clzsi2

.rodata         0x000238b8      0xeb7
 .rodata        0x000238b8        0x4 src/FreeRTOS/Source/portable/GCC/RaspberryPi/port.o
 .rodata        0x000238bc        0x8 src/FreeRTOS/Source/portable/MemMang/heap_4.o
 .rodata        0x000238c4        0x5 src/FreeRTOS/Source/tasks.o
 *fill*         0x000238c9        0x3 
 .rodata        0x000238cc        0x4 src/Demo/Drivers/interrupts.o
 .rodata        0x000238d0        0x4 src/Demo/Drivers/gpio.o
                0x000238d0                pRegs
 .rodata        0x000238d4       0x8a src/Demo/Tasks/displayTask.o
 *fill*         0x0002395e        0x2 
 .rodata        0x00023960      0x113 src/Demo/main.o
 *fill*         0x00023a73        0x1 
 .rodata        0x00023a74        0xa src/uGFX/src/gos/freertos.o
 *fill*         0x00023a7e        0x2 
 .rodata        0x00023a80      0xcb0 src/uGFX/src/gdisp/mcufont/mf_font.o
                0x00024138                mf_bwfont_DejaVuSans12
                0x00024688                mf_rlefont_UI2
                0x000246c4                mf_rlefont_UI2_Narrow
                0x000246f4                mf_rlefont_UI2_Double
 .rodata        0x00024730       0x1c src/uGFX/src/gwin/gwin.o
 .rodata        0x0002474c       0x23 src/uGFX/src/gwin/console.o

.rodata.zeroes.7256
                0x00024770       0x10
 .rodata.zeroes.7256
                0x00024770       0x10 /home/macload1/RPi/BareMetal/gcc-arm-none-eabi-5_4-2016q3/arm-none-eabi/lib/libc.a(lib_a-svfprintf.o)

.rodata.str1.4  0x00024780       0x64
 .rodata.str1.4
                0x00024780       0x42 /home/macload1/RPi/BareMetal/gcc-arm-none-eabi-5_4-2016q3/arm-none-eabi/lib/libc.a(lib_a-svfprintf.o)
 *fill*         0x000247c2        0x2 
 .rodata.str1.4
                0x000247c4       0x10 /home/macload1/RPi/BareMetal/gcc-arm-none-eabi-5_4-2016q3/arm-none-eabi/lib/libc.a(lib_a-dtoa.o)
                                 0x12 (size before relaxing)
 .rodata.str1.4
                0x000247d4       0x2f /home/macload1/RPi/BareMetal/gcc-arm-none-eabi-5_4-2016q3/arm-none-eabi/lib/libc.a(lib_a-svfiprintf.o)
 .rodata.str1.4
                0x000247d4       0x10 /home/macload1/RPi/BareMetal/gcc-arm-none-eabi-5_4-2016q3/arm-none-eabi/lib/libc.a(lib_a-locale.o)
                                 0x12 (size before relaxing)

.rodata.blanks.7255
                0x000247e4       0x10
 .rodata.blanks.7255
                0x000247e4       0x10 /home/macload1/RPi/BareMetal/gcc-arm-none-eabi-5_4-2016q3/arm-none-eabi/lib/libc.a(lib_a-svfprintf.o)

.rodata._global_impure_ptr
                0x000247f4        0x4
 .rodata._global_impure_ptr
                0x000247f4        0x4 /home/macload1/RPi/BareMetal/gcc-arm-none-eabi-5_4-2016q3/arm-none-eabi/lib/libc.a(lib_a-impure.o)
                0x000247f4                _global_impure_ptr

.rodata.__mprec_tens
                0x000247f8       0xc8
 .rodata.__mprec_tens
                0x000247f8       0xc8 /home/macload1/RPi/BareMetal/gcc-arm-none-eabi-5_4-2016q3/arm-none-eabi/lib/libc.a(lib_a-mprec.o)
                0x000247f8                __mprec_tens

.rodata.p05.6085
                0x000248c0        0xc
 .rodata.p05.6085
                0x000248c0        0xc /home/macload1/RPi/BareMetal/gcc-arm-none-eabi-5_4-2016q3/arm-none-eabi/lib/libc.a(lib_a-mprec.o)

.rodata.__mprec_bigtens
                0x000248d0       0x28
 .rodata.__mprec_bigtens
                0x000248d0       0x28 /home/macload1/RPi/BareMetal/gcc-arm-none-eabi-5_4-2016q3/arm-none-eabi/lib/libc.a(lib_a-mprec.o)
                0x000248d0                __mprec_bigtens

.rodata.__mprec_tinytens
                0x000248f8       0x28
 .rodata.__mprec_tinytens
                0x000248f8       0x28 /home/macload1/RPi/BareMetal/gcc-arm-none-eabi-5_4-2016q3/arm-none-eabi/lib/libc.a(lib_a-mprec.o)
                0x000248f8                __mprec_tinytens

.rodata.blanks.7235
                0x00024920       0x10
 .rodata.blanks.7235
                0x00024920       0x10 /home/macload1/RPi/BareMetal/gcc-arm-none-eabi-5_4-2016q3/arm-none-eabi/lib/libc.a(lib_a-svfiprintf.o)

.rodata.zeroes.7236
                0x00024930       0x10
 .rodata.zeroes.7236
                0x00024930       0x10 /home/macload1/RPi/BareMetal/gcc-arm-none-eabi-5_4-2016q3/arm-none-eabi/lib/libc.a(lib_a-svfiprintf.o)

.rodata._ctype_
                0x00024940      0x101
 .rodata._ctype_
                0x00024940      0x101 /home/macload1/RPi/BareMetal/gcc-arm-none-eabi-5_4-2016q3/arm-none-eabi/lib/libc.a(lib_a-ctype_.o)
                0x00024940                _ctype_

.ARM.extab      0x00024a41        0x0
 .ARM.extab     0x00024a41        0x0 /home/macload1/RPi/BareMetal/gcc-arm-none-eabi-5_4-2016q3/bin/../lib/gcc/arm-none-eabi/5.4.1/libgcc.a(_udivmoddi4.o)

.ARM.exidx      0x00024a44        0x8
 .ARM.exidx     0x00024a44        0x8 /home/macload1/RPi/BareMetal/gcc-arm-none-eabi-5_4-2016q3/bin/../lib/gcc/arm-none-eabi/5.4.1/libgcc.a(_udivmoddi4.o)

.glue_7         0x00024a4c        0x0
 .glue_7        0x00024a4c        0x0 linker stubs

.glue_7t        0x00024a4c        0x0
 .glue_7t       0x00024a4c        0x0 linker stubs

.vfp11_veneer   0x00024a4c        0x0
 .vfp11_veneer  0x00024a4c        0x0 linker stubs

.v4_bx          0x00024a4c        0x0
 .v4_bx         0x00024a4c        0x0 linker stubs

.iplt           0x00024a4c        0x0
 .iplt          0x00024a4c        0x0 src/Demo/startup.o

.text.memcpy    0x00024a4c       0xf0
 .text.memcpy   0x00024a4c       0xf0 /home/macload1/RPi/BareMetal/gcc-arm-none-eabi-5_4-2016q3/arm-none-eabi/lib/libc.a(lib_a-memcpy-stub.o)
                0x00024a4c                memcpy

.text.memset    0x00024b3c       0xf4
 .text.memset   0x00024b3c       0xf4 /home/macload1/RPi/BareMetal/gcc-arm-none-eabi-5_4-2016q3/arm-none-eabi/lib/libc.a(lib_a-memset.o)
                0x00024b3c                memset

.text._sprintf_r
                0x00024c30       0x64
 .text._sprintf_r
                0x00024c30       0x64 /home/macload1/RPi/BareMetal/gcc-arm-none-eabi-5_4-2016q3/arm-none-eabi/lib/libc.a(lib_a-sprintf.o)
                0x00024c30                _sprintf_r

.text.sprintf   0x00024c94       0x74
 .text.sprintf  0x00024c94       0x74 /home/macload1/RPi/BareMetal/gcc-arm-none-eabi-5_4-2016q3/arm-none-eabi/lib/libc.a(lib_a-sprintf.o)
                0x00024c94                sprintf

.text._svfprintf_r
                0x00024d08     0x2480
 .text._svfprintf_r
                0x00024d08     0x2480 /home/macload1/RPi/BareMetal/gcc-arm-none-eabi-5_4-2016q3/arm-none-eabi/lib/libc.a(lib_a-svfprintf.o)
                0x00024d08                _svfprintf_r

.text.quorem    0x00027188      0x1d8
 .text.quorem   0x00027188      0x1d8 /home/macload1/RPi/BareMetal/gcc-arm-none-eabi-5_4-2016q3/arm-none-eabi/lib/libc.a(lib_a-dtoa.o)

.text._dtoa_r   0x00027360     0x16e0
 .text._dtoa_r  0x00027360     0x16e0 /home/macload1/RPi/BareMetal/gcc-arm-none-eabi-5_4-2016q3/arm-none-eabi/lib/libc.a(lib_a-dtoa.o)
                0x00027360                _dtoa_r

.text.__localeconv_l
                0x00028a40        0x8
 .text.__localeconv_l
                0x00028a40        0x8 /home/macload1/RPi/BareMetal/gcc-arm-none-eabi-5_4-2016q3/arm-none-eabi/lib/libc.a(lib_a-localeconv.o)
                0x00028a40                __localeconv_l

.text._localeconv_r
                0x00028a48       0x28
 .text._localeconv_r
                0x00028a48       0x28 /home/macload1/RPi/BareMetal/gcc-arm-none-eabi-5_4-2016q3/arm-none-eabi/lib/libc.a(lib_a-localeconv.o)
                0x00028a48                _localeconv_r

.text.localeconv
                0x00028a70       0x28
 .text.localeconv
                0x00028a70       0x28 /home/macload1/RPi/BareMetal/gcc-arm-none-eabi-5_4-2016q3/arm-none-eabi/lib/libc.a(lib_a-localeconv.o)
                0x00028a70                localeconv

.text._malloc_r
                0x00028a98      0x7a8
 .text._malloc_r
                0x00028a98      0x7a8 /home/macload1/RPi/BareMetal/gcc-arm-none-eabi-5_4-2016q3/arm-none-eabi/lib/libc.a(lib_a-mallocr.o)
                0x00028a98                _malloc_r

.text.memchr    0x00029240      0x114
 .text.memchr   0x00029240      0x114 /home/macload1/RPi/BareMetal/gcc-arm-none-eabi-5_4-2016q3/arm-none-eabi/lib/libc.a(lib_a-memchr-stub.o)
                0x00029240                memchr

.text.__malloc_lock
                0x00029354        0x4
 .text.__malloc_lock
                0x00029354        0x4 /home/macload1/RPi/BareMetal/gcc-arm-none-eabi-5_4-2016q3/arm-none-eabi/lib/libc.a(lib_a-mlock.o)
                0x00029354                __malloc_lock

.text.__malloc_unlock
                0x00029358        0x4
 .text.__malloc_unlock
                0x00029358        0x4 /home/macload1/RPi/BareMetal/gcc-arm-none-eabi-5_4-2016q3/arm-none-eabi/lib/libc.a(lib_a-mlock.o)
                0x00029358                __malloc_unlock

.text._Balloc   0x0002935c       0x90
 .text._Balloc  0x0002935c       0x90 /home/macload1/RPi/BareMetal/gcc-arm-none-eabi-5_4-2016q3/arm-none-eabi/lib/libc.a(lib_a-mprec.o)
                0x0002935c                _Balloc

.text._Bfree    0x000293ec       0x1c
 .text._Bfree   0x000293ec       0x1c /home/macload1/RPi/BareMetal/gcc-arm-none-eabi-5_4-2016q3/arm-none-eabi/lib/libc.a(lib_a-mprec.o)
                0x000293ec                _Bfree

.text.__multadd
                0x00029408       0xdc
 .text.__multadd
                0x00029408       0xdc /home/macload1/RPi/BareMetal/gcc-arm-none-eabi-5_4-2016q3/arm-none-eabi/lib/libc.a(lib_a-mprec.o)
                0x00029408                __multadd

.text.__s2b     0x000294e4       0xe8
 .text.__s2b    0x000294e4       0xe8 /home/macload1/RPi/BareMetal/gcc-arm-none-eabi-5_4-2016q3/arm-none-eabi/lib/libc.a(lib_a-mprec.o)
                0x000294e4                __s2b

.text.__hi0bits
                0x000295cc       0x5c
 .text.__hi0bits
                0x000295cc       0x5c /home/macload1/RPi/BareMetal/gcc-arm-none-eabi-5_4-2016q3/arm-none-eabi/lib/libc.a(lib_a-mprec.o)
                0x000295cc                __hi0bits

.text.__lo0bits
                0x00029628       0x94
 .text.__lo0bits
                0x00029628       0x94 /home/macload1/RPi/BareMetal/gcc-arm-none-eabi-5_4-2016q3/arm-none-eabi/lib/libc.a(lib_a-mprec.o)
                0x00029628                __lo0bits

.text.__i2b     0x000296bc       0x24
 .text.__i2b    0x000296bc       0x24 /home/macload1/RPi/BareMetal/gcc-arm-none-eabi-5_4-2016q3/arm-none-eabi/lib/libc.a(lib_a-mprec.o)
                0x000296bc                __i2b

.text.__multiply
                0x000296e0      0x1f0
 .text.__multiply
                0x000296e0      0x1f0 /home/macload1/RPi/BareMetal/gcc-arm-none-eabi-5_4-2016q3/arm-none-eabi/lib/libc.a(lib_a-mprec.o)
                0x000296e0                __multiply

.text.__pow5mult
                0x000298d0      0x104
 .text.__pow5mult
                0x000298d0      0x104 /home/macload1/RPi/BareMetal/gcc-arm-none-eabi-5_4-2016q3/arm-none-eabi/lib/libc.a(lib_a-mprec.o)
                0x000298d0                __pow5mult

.text.__lshift  0x000299d4       0xf4
 .text.__lshift
                0x000299d4       0xf4 /home/macload1/RPi/BareMetal/gcc-arm-none-eabi-5_4-2016q3/arm-none-eabi/lib/libc.a(lib_a-mprec.o)
                0x000299d4                __lshift

.text.__mcmp    0x00029ac8       0x64
 .text.__mcmp   0x00029ac8       0x64 /home/macload1/RPi/BareMetal/gcc-arm-none-eabi-5_4-2016q3/arm-none-eabi/lib/libc.a(lib_a-mprec.o)
                0x00029ac8                __mcmp

.text.__mdiff   0x00029b2c      0x1b0
 .text.__mdiff  0x00029b2c      0x1b0 /home/macload1/RPi/BareMetal/gcc-arm-none-eabi-5_4-2016q3/arm-none-eabi/lib/libc.a(lib_a-mprec.o)
                0x00029b2c                __mdiff

.text.__ulp     0x00029cdc       0x68
 .text.__ulp    0x00029cdc       0x68 /home/macload1/RPi/BareMetal/gcc-arm-none-eabi-5_4-2016q3/arm-none-eabi/lib/libc.a(lib_a-mprec.o)
                0x00029cdc                __ulp

.text.__b2d     0x00029d44       0xf8
 .text.__b2d    0x00029d44       0xf8 /home/macload1/RPi/BareMetal/gcc-arm-none-eabi-5_4-2016q3/arm-none-eabi/lib/libc.a(lib_a-mprec.o)
                0x00029d44                __b2d

.text.__d2b     0x00029e3c      0x10c
 .text.__d2b    0x00029e3c      0x10c /home/macload1/RPi/BareMetal/gcc-arm-none-eabi-5_4-2016q3/arm-none-eabi/lib/libc.a(lib_a-mprec.o)
                0x00029e3c                __d2b

.text.__ratio   0x00029f48       0x98
 .text.__ratio  0x00029f48       0x98 /home/macload1/RPi/BareMetal/gcc-arm-none-eabi-5_4-2016q3/arm-none-eabi/lib/libc.a(lib_a-mprec.o)
                0x00029f48                __ratio

.text._mprec_log10
                0x00029fe0       0x54
 .text._mprec_log10
                0x00029fe0       0x54 /home/macload1/RPi/BareMetal/gcc-arm-none-eabi-5_4-2016q3/arm-none-eabi/lib/libc.a(lib_a-mprec.o)
                0x00029fe0                _mprec_log10

.text.__copybits
                0x0002a034       0x70
 .text.__copybits
                0x0002a034       0x70 /home/macload1/RPi/BareMetal/gcc-arm-none-eabi-5_4-2016q3/arm-none-eabi/lib/libc.a(lib_a-mprec.o)
                0x0002a034                __copybits

.text.__any_on  0x0002a0a4       0x80
 .text.__any_on
                0x0002a0a4       0x80 /home/macload1/RPi/BareMetal/gcc-arm-none-eabi-5_4-2016q3/arm-none-eabi/lib/libc.a(lib_a-mprec.o)
                0x0002a0a4                __any_on

.text._sbrk_r   0x0002a124       0x44
 .text._sbrk_r  0x0002a124       0x44 /home/macload1/RPi/BareMetal/gcc-arm-none-eabi-5_4-2016q3/arm-none-eabi/lib/libc.a(lib_a-sbrkr.o)
                0x0002a124                _sbrk_r

.text.strlen    0x0002a168       0x60
 .text.strlen   0x0002a168       0x60 /home/macload1/RPi/BareMetal/gcc-arm-none-eabi-5_4-2016q3/arm-none-eabi/lib/libc.a(lib_a-strlen-stub.o)
                0x0002a168                strlen

.text.__ssprint_r
                0x0002a1c8      0x1b0
 .text.__ssprint_r
                0x0002a1c8      0x1b0 /home/macload1/RPi/BareMetal/gcc-arm-none-eabi-5_4-2016q3/arm-none-eabi/lib/libc.a(lib_a-svfiprintf.o)
                0x0002a1c8                __ssprint_r

.text._svfiprintf_r
                0x0002a378     0x12b0
 .text._svfiprintf_r
                0x0002a378     0x12b0 /home/macload1/RPi/BareMetal/gcc-arm-none-eabi-5_4-2016q3/arm-none-eabi/lib/libc.a(lib_a-svfiprintf.o)
                0x0002a378                _svfiprintf_r

.text._calloc_r
                0x0002b628       0x98
 .text._calloc_r
                0x0002b628       0x98 /home/macload1/RPi/BareMetal/gcc-arm-none-eabi-5_4-2016q3/arm-none-eabi/lib/libc.a(lib_a-callocr.o)
                0x0002b628                _calloc_r

.text._malloc_trim_r
                0x0002b6c0      0x100
 .text._malloc_trim_r
                0x0002b6c0      0x100 /home/macload1/RPi/BareMetal/gcc-arm-none-eabi-5_4-2016q3/arm-none-eabi/lib/libc.a(lib_a-freer.o)
                0x0002b6c0                _malloc_trim_r

.text._free_r   0x0002b7c0      0x2ec
 .text._free_r  0x0002b7c0      0x2ec /home/macload1/RPi/BareMetal/gcc-arm-none-eabi-5_4-2016q3/arm-none-eabi/lib/libc.a(lib_a-freer.o)
                0x0002b7c0                _free_r

.text.__get_current_locale
                0x0002baac       0x24
 .text.__get_current_locale
                0x0002baac       0x24 /home/macload1/RPi/BareMetal/gcc-arm-none-eabi-5_4-2016q3/arm-none-eabi/lib/libc.a(lib_a-locale.o)

.text._setlocale_r
                0x0002bad0       0x74
 .text._setlocale_r
                0x0002bad0       0x74 /home/macload1/RPi/BareMetal/gcc-arm-none-eabi-5_4-2016q3/arm-none-eabi/lib/libc.a(lib_a-locale.o)
                0x0002bad0                _setlocale_r

.text.__locale_mb_cur_max
                0x0002bb44       0x28
 .text.__locale_mb_cur_max
                0x0002bb44       0x28 /home/macload1/RPi/BareMetal/gcc-arm-none-eabi-5_4-2016q3/arm-none-eabi/lib/libc.a(lib_a-locale.o)
                0x0002bb44                __locale_mb_cur_max

.text.__locale_ctype_ptr_l
                0x0002bb6c        0x8
 .text.__locale_ctype_ptr_l
                0x0002bb6c        0x8 /home/macload1/RPi/BareMetal/gcc-arm-none-eabi-5_4-2016q3/arm-none-eabi/lib/libc.a(lib_a-locale.o)
                0x0002bb6c                __locale_ctype_ptr_l

.text.__locale_ctype_ptr
                0x0002bb74       0x20
 .text.__locale_ctype_ptr
                0x0002bb74       0x20 /home/macload1/RPi/BareMetal/gcc-arm-none-eabi-5_4-2016q3/arm-none-eabi/lib/libc.a(lib_a-locale.o)
                0x0002bb74                __locale_ctype_ptr

.text.setlocale
                0x0002bb94       0x18
 .text.setlocale
                0x0002bb94       0x18 /home/macload1/RPi/BareMetal/gcc-arm-none-eabi-5_4-2016q3/arm-none-eabi/lib/libc.a(lib_a-locale.o)
                0x0002bb94                setlocale

.text._mbtowc_r
                0x0002bbac       0x34
 .text._mbtowc_r
                0x0002bbac       0x34 /home/macload1/RPi/BareMetal/gcc-arm-none-eabi-5_4-2016q3/arm-none-eabi/lib/libc.a(lib_a-mbtowc_r.o)
                0x0002bbac                _mbtowc_r

.text.__ascii_mbtowc
                0x0002bbe0       0x4c
 .text.__ascii_mbtowc
                0x0002bbe0       0x4c /home/macload1/RPi/BareMetal/gcc-arm-none-eabi-5_4-2016q3/arm-none-eabi/lib/libc.a(lib_a-mbtowc_r.o)
                0x0002bbe0                __ascii_mbtowc

.text.memmove   0x0002bc2c      0x12c
 .text.memmove  0x0002bc2c      0x12c /home/macload1/RPi/BareMetal/gcc-arm-none-eabi-5_4-2016q3/arm-none-eabi/lib/libc.a(lib_a-memmove.o)
                0x0002bc2c                memmove

.text._realloc_r
                0x0002bd58      0x580
 .text._realloc_r
                0x0002bd58      0x580 /home/macload1/RPi/BareMetal/gcc-arm-none-eabi-5_4-2016q3/arm-none-eabi/lib/libc.a(lib_a-reallocr.o)
                0x0002bd58                _realloc_r

.text.cleanup_glue
                0x0002c2d8       0x2c
 .text.cleanup_glue
                0x0002c2d8       0x2c /home/macload1/RPi/BareMetal/gcc-arm-none-eabi-5_4-2016q3/arm-none-eabi/lib/libc.a(lib_a-reent.o)
                0x0002c2d8                cleanup_glue

.text._reclaim_reent
                0x0002c304       0xf4
 .text._reclaim_reent
                0x0002c304       0xf4 /home/macload1/RPi/BareMetal/gcc-arm-none-eabi-5_4-2016q3/arm-none-eabi/lib/libc.a(lib_a-reent.o)
                0x0002c304                _reclaim_reent

.text._wctomb_r
                0x0002c3f8       0x34
 .text._wctomb_r
                0x0002c3f8       0x34 /home/macload1/RPi/BareMetal/gcc-arm-none-eabi-5_4-2016q3/arm-none-eabi/lib/libc.a(lib_a-wctomb_r.o)
                0x0002c3f8                _wctomb_r

.text.__ascii_wctomb
                0x0002c42c       0x28
 .text.__ascii_wctomb
                0x0002c42c       0x28 /home/macload1/RPi/BareMetal/gcc-arm-none-eabi-5_4-2016q3/arm-none-eabi/lib/libc.a(lib_a-wctomb_r.o)
                0x0002c42c                __ascii_wctomb

.rel.dyn        0x0002c454        0x0
 .rel.iplt      0x0002c454        0x0 src/Demo/startup.o

.data           0x0002c460       0x6e
 *(.data)
 .data          0x0002c460        0x0 src/Demo/startup.o
 .data          0x0002c460        0x4 src/FreeRTOS/Source/portable/GCC/RaspberryPi/portisr.o
                0x0002c460                ulCriticalNesting
 .data          0x0002c464        0x0 src/FreeRTOS/Source/portable/GCC/RaspberryPi/port.o
 .data          0x0002c464        0x8 src/FreeRTOS/Source/portable/MemMang/heap_4.o
 .data          0x0002c46c        0x0 src/FreeRTOS/Source/queue.o
 .data          0x0002c46c        0x0 src/FreeRTOS/Source/croutine.o
 .data          0x0002c46c        0x0 src/FreeRTOS/Source/list.o
 .data          0x0002c46c        0x0 src/FreeRTOS/Source/stream_buffer.o
 .data          0x0002c46c        0x0 src/FreeRTOS/Source/event_groups.o
 .data          0x0002c46c        0x0 src/FreeRTOS/Source/tasks.o
 .data          0x0002c46c        0x0 src/FreeRTOS/Source/timers.o
 .data          0x0002c46c        0x0 src/Demo/Drivers/interrupts.o
 .data          0x0002c46c        0x0 src/Demo/Drivers/uart.o
 .data          0x0002c46c        0x0 src/Demo/Drivers/gpio.o
 .data          0x0002c46c       0x28 src/Demo/Drivers/bcm2835.o
                0x0002c46c                bcm2835_gpio
                0x0002c470                bcm2835_pwm
                0x0002c474                bcm2835_clk
                0x0002c478                bcm2835_pads
                0x0002c47c                bcm2835_spi0
                0x0002c480                bcm2835_bsc0
                0x0002c484                bcm2835_bsc1
                0x0002c488                bcm2835_st
                0x0002c48c                bcm2835_aux
                0x0002c490                bcm2835_mail
 .data          0x0002c494        0xc src/Demo/Graphics/mailbox.o
 .data          0x0002c4a0       0x28 src/Demo/Graphics/framebuffer.o
                0x0002c4a0                FrameBufferInfo
 .data          0x0002c4c8        0x0 src/Demo/Tasks/displayTask.o
 .data          0x0002c4c8        0x0 src/Demo/main.o
 .data          0x0002c4c8        0x0 src/uGFX/src/gfx.o
 .data          0x0002c4c8        0x0 src/uGFX/src/gos/chibios.o
 .data          0x0002c4c8        0x0 src/uGFX/src/gos/freertos.o
 .data          0x0002c4c8        0x0 src/uGFX/src/gos/win32.o
 .data          0x0002c4c8        0x0 src/uGFX/src/gos/linux.o
 .data          0x0002c4c8        0x0 src/uGFX/src/gos/osx.o
 .data          0x0002c4c8        0x0 src/uGFX/src/gos/raw32.o
 .data          0x0002c4c8        0x0 src/uGFX/src/gqueue/gqueue.o
 .data          0x0002c4c8        0x4 src/uGFX/src/gdisp/gdisp.o
                0x0002c4c8                GDISP
 .data          0x0002c4cc        0x0 src/uGFX/src/gdisp/fonts.o
 .data          0x0002c4cc        0x0 src/uGFX/src/gdisp/image.o
 .data          0x0002c4cc        0x0 src/uGFX/src/gdisp/image_native.o
 .data          0x0002c4cc        0x0 src/uGFX/src/gdisp/image_gif.o
 .data          0x0002c4cc        0x0 src/uGFX/src/gdisp/image_bmp.o
 .data          0x0002c4cc        0x0 src/uGFX/src/gdisp/image_jpg.o
 .data          0x0002c4cc        0x0 src/uGFX/src/gdisp/image_png.o
 .data          0x0002c4cc        0x0 src/uGFX/src/gdisp/mcufont/mf_encoding.o
 .data          0x0002c4cc        0x0 src/uGFX/src/gdisp/mcufont/mf_font.o
 .data          0x0002c4cc        0x0 src/uGFX/src/gdisp/mcufont/mf_justify.o
 .data          0x0002c4cc        0x0 src/uGFX/src/gdisp/mcufont/mf_kerning.o
 .data          0x0002c4cc        0x0 src/uGFX/src/gdisp/mcufont/mf_rlefont.o
 .data          0x0002c4cc        0x0 src/uGFX/src/gdisp/mcufont/mf_bwfont.o
 .data          0x0002c4cc        0x0 src/uGFX/src/gdisp/mcufont/mf_scaledfont.o
 .data          0x0002c4cc        0x0 src/uGFX/src/gdisp/mcufont/mf_wordwrap.o
 .data          0x0002c4cc        0x0 src/uGFX/src/gevent/gevent.o
 .data          0x0002c4cc        0x0 src/uGFX/src/gtimer/gtimer.o
 .data          0x0002c4cc        0x2 src/uGFX/src/gwin/gwin.o
 .data          0x0002c4ce        0x0 src/uGFX/src/gwin/gwidget.o
 .data          0x0002c4ce        0x0 src/uGFX/src/gwin/gwm.o
 .data          0x0002c4ce        0x0 src/uGFX/src/gwin/console.o
 .data          0x0002c4ce        0x0 src/uGFX/src/gwin/graph.o
 .data          0x0002c4ce        0x0 src/uGFX/src/gwin/button.o
 .data          0x0002c4ce        0x0 src/uGFX/src/gwin/slider.o
 .data          0x0002c4ce        0x0 src/uGFX/src/gwin/checkbox.o
 .data          0x0002c4ce        0x0 src/uGFX/src/gwin/gimage.o
 .data          0x0002c4ce        0x0 src/uGFX/src/gwin/label.o
 .data          0x0002c4ce        0x0 src/uGFX/src/gwin/radio.o
 .data          0x0002c4ce        0x0 src/uGFX/src/gwin/list.o
 .data          0x0002c4ce        0x0 src/uGFX/src/gwin/progressbar.o
 .data          0x0002c4ce        0x0 src/uGFX/src/gwin/gcontainer.o
 .data          0x0002c4ce        0x0 src/uGFX/src/gwin/frame.o
 .data          0x0002c4ce        0x0 src/uGFX/src/ginput/ginput.o
 .data          0x0002c4ce        0x0 src/uGFX/src/ginput/mouse.o
 .data          0x0002c4ce        0x0 src/uGFX/src/ginput/keyboard.o
 .data          0x0002c4ce        0x0 src/uGFX/src/ginput/toggle.o
 .data          0x0002c4ce        0x0 src/uGFX/src/ginput/dial.o
 .data          0x0002c4ce        0x0 src/uGFX/src/gadc/gadc.o
 .data          0x0002c4ce        0x0 src/uGFX/src/gaudio/gaudio.o
 .data          0x0002c4ce        0x0 src/uGFX/src/gmisc/gmisc.o
 .data          0x0002c4ce        0x0 src/uGFX/src/gmisc/arrayops.o
 .data          0x0002c4ce        0x0 src/uGFX/src/gmisc/trig.o
 .data          0x0002c4ce        0x0 src/uGFX/src/gfile/fatfs/fatfs.o
 .data          0x0002c4ce        0x0 src/uGFX/src/gfile/fatfs/fatfs_syscall.o
 .data          0x0002c4ce        0x0 src/uGFX/src/gfile/fatfs/fatfs_chibios_diskio.o
 .data          0x0002c4ce        0x0 src/uGFX/src/gfile/gfile.o
 .data          0x0002c4ce        0x0 src/uGFX/drivers/gdisp/framebuffer/gdisp_lld_framebuffer.o
 .data          0x0002c4ce        0x0 /home/macload1/RPi/BareMetal/gcc-arm-none-eabi-5_4-2016q3/arm-none-eabi/lib/libc.a(lib_a-memcpy-stub.o)
 .data          0x0002c4ce        0x0 /home/macload1/RPi/BareMetal/gcc-arm-none-eabi-5_4-2016q3/arm-none-eabi/lib/libc.a(lib_a-memset.o)
 .data          0x0002c4ce        0x0 /home/macload1/RPi/BareMetal/gcc-arm-none-eabi-5_4-2016q3/arm-none-eabi/lib/libc.a(lib_a-sprintf.o)
 .data          0x0002c4ce        0x0 /home/macload1/RPi/BareMetal/gcc-arm-none-eabi-5_4-2016q3/arm-none-eabi/lib/libc.a(lib_a-svfprintf.o)
 .data          0x0002c4ce        0x0 /home/macload1/RPi/BareMetal/gcc-arm-none-eabi-5_4-2016q3/arm-none-eabi/lib/libc.a(lib_a-dtoa.o)
 .data          0x0002c4ce        0x0 /home/macload1/RPi/BareMetal/gcc-arm-none-eabi-5_4-2016q3/arm-none-eabi/lib/libc.a(lib_a-impure.o)
 .data          0x0002c4ce        0x0 /home/macload1/RPi/BareMetal/gcc-arm-none-eabi-5_4-2016q3/arm-none-eabi/lib/libc.a(lib_a-localeconv.o)
 .data          0x0002c4ce        0x0 /home/macload1/RPi/BareMetal/gcc-arm-none-eabi-5_4-2016q3/arm-none-eabi/lib/libc.a(lib_a-mallocr.o)
 .data          0x0002c4ce        0x0 /home/macload1/RPi/BareMetal/gcc-arm-none-eabi-5_4-2016q3/arm-none-eabi/lib/libc.a(lib_a-memchr-stub.o)
 .data          0x0002c4ce        0x0 /home/macload1/RPi/BareMetal/gcc-arm-none-eabi-5_4-2016q3/arm-none-eabi/lib/libc.a(lib_a-mlock.o)
 .data          0x0002c4ce        0x0 /home/macload1/RPi/BareMetal/gcc-arm-none-eabi-5_4-2016q3/arm-none-eabi/lib/libc.a(lib_a-mprec.o)
 .data          0x0002c4ce        0x0 /home/macload1/RPi/BareMetal/gcc-arm-none-eabi-5_4-2016q3/arm-none-eabi/lib/libc.a(lib_a-sbrkr.o)
 .data          0x0002c4ce        0x0 /home/macload1/RPi/BareMetal/gcc-arm-none-eabi-5_4-2016q3/arm-none-eabi/lib/libc.a(lib_a-strlen-stub.o)
 .data          0x0002c4ce        0x0 /home/macload1/RPi/BareMetal/gcc-arm-none-eabi-5_4-2016q3/arm-none-eabi/lib/libc.a(lib_a-svfiprintf.o)
 .data          0x0002c4ce        0x0 /home/macload1/RPi/BareMetal/gcc-arm-none-eabi-5_4-2016q3/arm-none-eabi/lib/libc.a(lib_a-callocr.o)
 .data          0x0002c4ce        0x0 /home/macload1/RPi/BareMetal/gcc-arm-none-eabi-5_4-2016q3/arm-none-eabi/lib/libc.a(lib_a-freer.o)
 .data          0x0002c4ce        0x0 /home/macload1/RPi/BareMetal/gcc-arm-none-eabi-5_4-2016q3/arm-none-eabi/lib/libc.a(lib_a-locale.o)
 .data          0x0002c4ce        0x0 /home/macload1/RPi/BareMetal/gcc-arm-none-eabi-5_4-2016q3/arm-none-eabi/lib/libc.a(lib_a-mbtowc_r.o)
 .data          0x0002c4ce        0x0 /home/macload1/RPi/BareMetal/gcc-arm-none-eabi-5_4-2016q3/arm-none-eabi/lib/libc.a(lib_a-memmove.o)
 .data          0x0002c4ce        0x0 /home/macload1/RPi/BareMetal/gcc-arm-none-eabi-5_4-2016q3/arm-none-eabi/lib/libc.a(lib_a-reallocr.o)
 .data          0x0002c4ce        0x0 /home/macload1/RPi/BareMetal/gcc-arm-none-eabi-5_4-2016q3/arm-none-eabi/lib/libc.a(lib_a-reent.o)
 .data          0x0002c4ce        0x0 /home/macload1/RPi/BareMetal/gcc-arm-none-eabi-5_4-2016q3/arm-none-eabi/lib/libc.a(lib_a-strcmp.o)
 .data          0x0002c4ce        0x0 /home/macload1/RPi/BareMetal/gcc-arm-none-eabi-5_4-2016q3/arm-none-eabi/lib/libc.a(lib_a-wctomb_r.o)
 .data          0x0002c4ce        0x0 /home/macload1/RPi/BareMetal/gcc-arm-none-eabi-5_4-2016q3/arm-none-eabi/lib/libc.a(lib_a-ctype_.o)
 .data          0x0002c4ce        0x0 /home/macload1/RPi/BareMetal/gcc-arm-none-eabi-5_4-2016q3/bin/../lib/gcc/arm-none-eabi/5.4.1/libgcc.a(_udivsi3.o)
 .data          0x0002c4ce        0x0 /home/macload1/RPi/BareMetal/gcc-arm-none-eabi-5_4-2016q3/bin/../lib/gcc/arm-none-eabi/5.4.1/libgcc.a(_divsi3.o)
 .data          0x0002c4ce        0x0 /home/macload1/RPi/BareMetal/gcc-arm-none-eabi-5_4-2016q3/bin/../lib/gcc/arm-none-eabi/5.4.1/libgcc.a(_dvmd_tls.o)
 .data          0x0002c4ce        0x0 /home/macload1/RPi/BareMetal/gcc-arm-none-eabi-5_4-2016q3/bin/../lib/gcc/arm-none-eabi/5.4.1/libgcc.a(_arm_addsubdf3.o)
 .data          0x0002c4ce        0x0 /home/macload1/RPi/BareMetal/gcc-arm-none-eabi-5_4-2016q3/bin/../lib/gcc/arm-none-eabi/5.4.1/libgcc.a(_arm_muldivdf3.o)
 .data          0x0002c4ce        0x0 /home/macload1/RPi/BareMetal/gcc-arm-none-eabi-5_4-2016q3/bin/../lib/gcc/arm-none-eabi/5.4.1/libgcc.a(_arm_cmpdf2.o)
 .data          0x0002c4ce        0x0 /home/macload1/RPi/BareMetal/gcc-arm-none-eabi-5_4-2016q3/bin/../lib/gcc/arm-none-eabi/5.4.1/libgcc.a(_arm_unorddf2.o)
 .data          0x0002c4ce        0x0 /home/macload1/RPi/BareMetal/gcc-arm-none-eabi-5_4-2016q3/bin/../lib/gcc/arm-none-eabi/5.4.1/libgcc.a(_arm_fixdfsi.o)
 .data          0x0002c4ce        0x0 /home/macload1/RPi/BareMetal/gcc-arm-none-eabi-5_4-2016q3/bin/../lib/gcc/arm-none-eabi/5.4.1/libgcc.a(_arm_addsubsf3.o)
 .data          0x0002c4ce        0x0 /home/macload1/RPi/BareMetal/gcc-arm-none-eabi-5_4-2016q3/bin/../lib/gcc/arm-none-eabi/5.4.1/libgcc.a(_arm_muldivsf3.o)
 .data          0x0002c4ce        0x0 /home/macload1/RPi/BareMetal/gcc-arm-none-eabi-5_4-2016q3/bin/../lib/gcc/arm-none-eabi/5.4.1/libgcc.a(_arm_fixsfsi.o)
 .data          0x0002c4ce        0x0 /home/macload1/RPi/BareMetal/gcc-arm-none-eabi-5_4-2016q3/bin/../lib/gcc/arm-none-eabi/5.4.1/libgcc.a(_aeabi_uldivmod.o)
 .data          0x0002c4ce        0x0 /home/macload1/RPi/BareMetal/gcc-arm-none-eabi-5_4-2016q3/bin/../lib/gcc/arm-none-eabi/5.4.1/libgcc.a(_udivmoddi4.o)
 .data          0x0002c4ce        0x0 /home/macload1/RPi/BareMetal/gcc-arm-none-eabi-5_4-2016q3/bin/../lib/gcc/arm-none-eabi/5.4.1/libgcc.a(_clzdi2.o)
 .data          0x0002c4ce        0x0 /home/macload1/RPi/BareMetal/gcc-arm-none-eabi-5_4-2016q3/bin/../lib/gcc/arm-none-eabi/5.4.1/libgcc.a(_clzsi2.o)

.igot.plt       0x0002c4d0        0x0
 .igot.plt      0x0002c4d0        0x0 src/Demo/startup.o

.data.impure_data
                0x0002c4d0      0x428
 .data.impure_data
                0x0002c4d0      0x428 /home/macload1/RPi/BareMetal/gcc-arm-none-eabi-5_4-2016q3/arm-none-eabi/lib/libc.a(lib_a-impure.o)

.data._impure_ptr
                0x0002c8f8        0x4
 .data._impure_ptr
                0x0002c8f8        0x4 /home/macload1/RPi/BareMetal/gcc-arm-none-eabi-5_4-2016q3/arm-none-eabi/lib/libc.a(lib_a-impure.o)
                0x0002c8f8                _impure_ptr

.data.__malloc_av_
                0x0002c8fc      0x408
 .data.__malloc_av_
                0x0002c8fc      0x408 /home/macload1/RPi/BareMetal/gcc-arm-none-eabi-5_4-2016q3/arm-none-eabi/lib/libc.a(lib_a-mallocr.o)
                0x0002c8fc                __malloc_av_

.data.__malloc_trim_threshold
                0x0002cd04        0x4
 .data.__malloc_trim_threshold
                0x0002cd04        0x4 /home/macload1/RPi/BareMetal/gcc-arm-none-eabi-5_4-2016q3/arm-none-eabi/lib/libc.a(lib_a-mallocr.o)
                0x0002cd04                __malloc_trim_threshold

.data.__malloc_sbrk_base
                0x0002cd08        0x4
 .data.__malloc_sbrk_base
                0x0002cd08        0x4 /home/macload1/RPi/BareMetal/gcc-arm-none-eabi-5_4-2016q3/arm-none-eabi/lib/libc.a(lib_a-mallocr.o)
                0x0002cd08                __malloc_sbrk_base

.data.__global_locale
                0x0002cd0c      0x16c
 .data.__global_locale
                0x0002cd0c      0x16c /home/macload1/RPi/BareMetal/gcc-arm-none-eabi-5_4-2016q3/arm-none-eabi/lib/libc.a(lib_a-locale.o)
                0x0002cd0c                __global_locale

.bss            0x0002ce78     0x685c
                0x0002ce78                __bss_start = .
                0x0002ce78                __bss_start__ = __bss_start
 *(.bss)
 .bss           0x0002ce78        0x0 src/Demo/startup.o
 .bss           0x0002ce78        0x4 src/FreeRTOS/Source/portable/GCC/RaspberryPi/portisr.o
                0x0002ce78                g_bStarted
 .bss           0x0002ce7c        0x0 src/FreeRTOS/Source/portable/GCC/RaspberryPi/port.o
 .bss           0x0002ce7c     0x6410 src/FreeRTOS/Source/portable/MemMang/heap_4.o
 .bss           0x0003328c        0x0 src/FreeRTOS/Source/queue.o
 .bss           0x0003328c        0x0 src/FreeRTOS/Source/croutine.o
 .bss           0x0003328c        0x0 src/FreeRTOS/Source/list.o
 .bss           0x0003328c        0x0 src/FreeRTOS/Source/stream_buffer.o
 .bss           0x0003328c        0x0 src/FreeRTOS/Source/event_groups.o
 .bss           0x0003328c      0x104 src/FreeRTOS/Source/tasks.o
                0x0003328c                pxCurrentTCB
 .bss           0x00033390        0x0 src/FreeRTOS/Source/timers.o
 .bss           0x00033390      0x240 src/Demo/Drivers/interrupts.o
 .bss           0x000335d0        0x0 src/Demo/Drivers/uart.o
 .bss           0x000335d0        0x0 src/Demo/Drivers/gpio.o
 .bss           0x000335d0        0x4 src/Demo/Drivers/bcm2835.o
 .bss           0x000335d4        0x0 src/Demo/Graphics/mailbox.o
 .bss           0x000335d4        0x0 src/Demo/Graphics/framebuffer.o
 .bss           0x000335d4        0x0 src/Demo/Tasks/displayTask.o
 .bss           0x000335d4        0xc src/Demo/main.o
 .bss           0x000335e0        0x1 src/uGFX/src/gfx.o
 .bss           0x000335e1        0x0 src/uGFX/src/gos/chibios.o
 .bss           0x000335e1        0x0 src/uGFX/src/gos/freertos.o
 .bss           0x000335e1        0x0 src/uGFX/src/gos/win32.o
 .bss           0x000335e1        0x0 src/uGFX/src/gos/linux.o
 .bss           0x000335e1        0x0 src/uGFX/src/gos/osx.o
 .bss           0x000335e1        0x0 src/uGFX/src/gos/raw32.o
 .bss           0x000335e1        0x0 src/uGFX/src/gqueue/gqueue.o
 *fill*         0x000335e1        0x3 
 .bss           0x000335e4       0x48 src/uGFX/src/gdisp/gdisp.o
 .bss           0x0003362c        0x0 src/uGFX/src/gdisp/fonts.o
 .bss           0x0003362c        0x0 src/uGFX/src/gdisp/image.o
 .bss           0x0003362c        0x0 src/uGFX/src/gdisp/image_native.o
 .bss           0x0003362c        0x0 src/uGFX/src/gdisp/image_gif.o
 .bss           0x0003362c        0x0 src/uGFX/src/gdisp/image_bmp.o
 .bss           0x0003362c        0x0 src/uGFX/src/gdisp/image_jpg.o
 .bss           0x0003362c        0x0 src/uGFX/src/gdisp/image_png.o
 .bss           0x0003362c        0x0 src/uGFX/src/gdisp/mcufont/mf_encoding.o
 .bss           0x0003362c        0x0 src/uGFX/src/gdisp/mcufont/mf_font.o
 .bss           0x0003362c        0x0 src/uGFX/src/gdisp/mcufont/mf_justify.o
 .bss           0x0003362c        0x0 src/uGFX/src/gdisp/mcufont/mf_kerning.o
 .bss           0x0003362c        0x0 src/uGFX/src/gdisp/mcufont/mf_rlefont.o
 .bss           0x0003362c        0x0 src/uGFX/src/gdisp/mcufont/mf_bwfont.o
 .bss           0x0003362c        0x0 src/uGFX/src/gdisp/mcufont/mf_scaledfont.o
 .bss           0x0003362c        0x0 src/uGFX/src/gdisp/mcufont/mf_wordwrap.o
 .bss           0x0003362c        0x0 src/uGFX/src/gevent/gevent.o
 .bss           0x0003362c        0x0 src/uGFX/src/gtimer/gtimer.o
 .bss           0x0003362c        0x8 src/uGFX/src/gwin/gwin.o
 .bss           0x00033634        0x0 src/uGFX/src/gwin/gwidget.o
 .bss           0x00033634        0x4 src/uGFX/src/gwin/gwm.o
 .bss           0x00033638        0x0 src/uGFX/src/gwin/console.o
 .bss           0x00033638        0x0 src/uGFX/src/gwin/graph.o
 .bss           0x00033638        0x0 src/uGFX/src/gwin/button.o
 .bss           0x00033638        0x0 src/uGFX/src/gwin/slider.o
 .bss           0x00033638        0x0 src/uGFX/src/gwin/checkbox.o
 .bss           0x00033638        0x0 src/uGFX/src/gwin/gimage.o
 .bss           0x00033638        0x0 src/uGFX/src/gwin/label.o
 .bss           0x00033638        0x0 src/uGFX/src/gwin/radio.o
 .bss           0x00033638        0x0 src/uGFX/src/gwin/list.o
 .bss           0x00033638        0x0 src/uGFX/src/gwin/progressbar.o
 .bss           0x00033638        0x0 src/uGFX/src/gwin/gcontainer.o
 .bss           0x00033638        0x0 src/uGFX/src/gwin/frame.o
 .bss           0x00033638        0x0 src/uGFX/src/ginput/ginput.o
 .bss           0x00033638        0x0 src/uGFX/src/ginput/mouse.o
 .bss           0x00033638        0x0 src/uGFX/src/ginput/keyboard.o
 .bss           0x00033638        0x0 src/uGFX/src/ginput/toggle.o
 .bss           0x00033638        0x0 src/uGFX/src/ginput/dial.o
 .bss           0x00033638        0x0 src/uGFX/src/gadc/gadc.o
 .bss           0x00033638        0x0 src/uGFX/src/gaudio/gaudio.o
 .bss           0x00033638        0x0 src/uGFX/src/gmisc/gmisc.o
 .bss           0x00033638        0x0 src/uGFX/src/gmisc/arrayops.o
 .bss           0x00033638        0x0 src/uGFX/src/gmisc/trig.o
 .bss           0x00033638        0x0 src/uGFX/src/gfile/fatfs/fatfs.o
 .bss           0x00033638        0x0 src/uGFX/src/gfile/fatfs/fatfs_syscall.o
 .bss           0x00033638        0x0 src/uGFX/src/gfile/fatfs/fatfs_chibios_diskio.o
 .bss           0x00033638        0x0 src/uGFX/src/gfile/gfile.o
 .bss           0x00033638        0x0 src/uGFX/drivers/gdisp/framebuffer/gdisp_lld_framebuffer.o
 .bss           0x00033638        0x0 /home/macload1/RPi/BareMetal/gcc-arm-none-eabi-5_4-2016q3/arm-none-eabi/lib/libc.a(lib_a-memcpy-stub.o)
 .bss           0x00033638        0x0 /home/macload1/RPi/BareMetal/gcc-arm-none-eabi-5_4-2016q3/arm-none-eabi/lib/libc.a(lib_a-memset.o)
 .bss           0x00033638        0x0 /home/macload1/RPi/BareMetal/gcc-arm-none-eabi-5_4-2016q3/arm-none-eabi/lib/libc.a(lib_a-sprintf.o)
 .bss           0x00033638        0x0 /home/macload1/RPi/BareMetal/gcc-arm-none-eabi-5_4-2016q3/arm-none-eabi/lib/libc.a(lib_a-svfprintf.o)
 .bss           0x00033638        0x0 /home/macload1/RPi/BareMetal/gcc-arm-none-eabi-5_4-2016q3/arm-none-eabi/lib/libc.a(lib_a-dtoa.o)
 .bss           0x00033638        0x0 /home/macload1/RPi/BareMetal/gcc-arm-none-eabi-5_4-2016q3/arm-none-eabi/lib/libc.a(lib_a-impure.o)
 .bss           0x00033638        0x0 /home/macload1/RPi/BareMetal/gcc-arm-none-eabi-5_4-2016q3/arm-none-eabi/lib/libc.a(lib_a-localeconv.o)
 .bss           0x00033638        0x0 /home/macload1/RPi/BareMetal/gcc-arm-none-eabi-5_4-2016q3/arm-none-eabi/lib/libc.a(lib_a-mallocr.o)
 .bss           0x00033638        0x0 /home/macload1/RPi/BareMetal/gcc-arm-none-eabi-5_4-2016q3/arm-none-eabi/lib/libc.a(lib_a-memchr-stub.o)
 .bss           0x00033638        0x0 /home/macload1/RPi/BareMetal/gcc-arm-none-eabi-5_4-2016q3/arm-none-eabi/lib/libc.a(lib_a-mlock.o)
 .bss           0x00033638        0x0 /home/macload1/RPi/BareMetal/gcc-arm-none-eabi-5_4-2016q3/arm-none-eabi/lib/libc.a(lib_a-mprec.o)
 .bss           0x00033638        0x0 /home/macload1/RPi/BareMetal/gcc-arm-none-eabi-5_4-2016q3/arm-none-eabi/lib/libc.a(lib_a-sbrkr.o)
 .bss           0x00033638        0x0 /home/macload1/RPi/BareMetal/gcc-arm-none-eabi-5_4-2016q3/arm-none-eabi/lib/libc.a(lib_a-strlen-stub.o)
 .bss           0x00033638        0x0 /home/macload1/RPi/BareMetal/gcc-arm-none-eabi-5_4-2016q3/arm-none-eabi/lib/libc.a(lib_a-svfiprintf.o)
 .bss           0x00033638        0x0 /home/macload1/RPi/BareMetal/gcc-arm-none-eabi-5_4-2016q3/arm-none-eabi/lib/libc.a(lib_a-callocr.o)
 .bss           0x00033638        0x0 /home/macload1/RPi/BareMetal/gcc-arm-none-eabi-5_4-2016q3/arm-none-eabi/lib/libc.a(lib_a-freer.o)
 .bss           0x00033638        0x0 /home/macload1/RPi/BareMetal/gcc-arm-none-eabi-5_4-2016q3/arm-none-eabi/lib/libc.a(lib_a-locale.o)
 .bss           0x00033638        0x0 /home/macload1/RPi/BareMetal/gcc-arm-none-eabi-5_4-2016q3/arm-none-eabi/lib/libc.a(lib_a-mbtowc_r.o)
 .bss           0x00033638        0x0 /home/macload1/RPi/BareMetal/gcc-arm-none-eabi-5_4-2016q3/arm-none-eabi/lib/libc.a(lib_a-memmove.o)
 .bss           0x00033638        0x0 /home/macload1/RPi/BareMetal/gcc-arm-none-eabi-5_4-2016q3/arm-none-eabi/lib/libc.a(lib_a-reallocr.o)
 .bss           0x00033638        0x0 /home/macload1/RPi/BareMetal/gcc-arm-none-eabi-5_4-2016q3/arm-none-eabi/lib/libc.a(lib_a-reent.o)
 .bss           0x00033638        0x0 /home/macload1/RPi/BareMetal/gcc-arm-none-eabi-5_4-2016q3/arm-none-eabi/lib/libc.a(lib_a-strcmp.o)
 .bss           0x00033638        0x0 /home/macload1/RPi/BareMetal/gcc-arm-none-eabi-5_4-2016q3/arm-none-eabi/lib/libc.a(lib_a-wctomb_r.o)
 .bss           0x00033638        0x0 /home/macload1/RPi/BareMetal/gcc-arm-none-eabi-5_4-2016q3/arm-none-eabi/lib/libc.a(lib_a-ctype_.o)
 .bss           0x00033638        0x0 /home/macload1/RPi/BareMetal/gcc-arm-none-eabi-5_4-2016q3/bin/../lib/gcc/arm-none-eabi/5.4.1/libgcc.a(_udivsi3.o)
 .bss           0x00033638        0x0 /home/macload1/RPi/BareMetal/gcc-arm-none-eabi-5_4-2016q3/bin/../lib/gcc/arm-none-eabi/5.4.1/libgcc.a(_divsi3.o)
 .bss           0x00033638        0x0 /home/macload1/RPi/BareMetal/gcc-arm-none-eabi-5_4-2016q3/bin/../lib/gcc/arm-none-eabi/5.4.1/libgcc.a(_dvmd_tls.o)
 .bss           0x00033638        0x0 /home/macload1/RPi/BareMetal/gcc-arm-none-eabi-5_4-2016q3/bin/../lib/gcc/arm-none-eabi/5.4.1/libgcc.a(_arm_addsubdf3.o)
 .bss           0x00033638        0x0 /home/macload1/RPi/BareMetal/gcc-arm-none-eabi-5_4-2016q3/bin/../lib/gcc/arm-none-eabi/5.4.1/libgcc.a(_arm_muldivdf3.o)
 .bss           0x00033638        0x0 /home/macload1/RPi/BareMetal/gcc-arm-none-eabi-5_4-2016q3/bin/../lib/gcc/arm-none-eabi/5.4.1/libgcc.a(_arm_cmpdf2.o)
 .bss           0x00033638        0x0 /home/macload1/RPi/BareMetal/gcc-arm-none-eabi-5_4-2016q3/bin/../lib/gcc/arm-none-eabi/5.4.1/libgcc.a(_arm_unorddf2.o)
 .bss           0x00033638        0x0 /home/macload1/RPi/BareMetal/gcc-arm-none-eabi-5_4-2016q3/bin/../lib/gcc/arm-none-eabi/5.4.1/libgcc.a(_arm_fixdfsi.o)
 .bss           0x00033638        0x0 /home/macload1/RPi/BareMetal/gcc-arm-none-eabi-5_4-2016q3/bin/../lib/gcc/arm-none-eabi/5.4.1/libgcc.a(_arm_addsubsf3.o)
 .bss           0x00033638        0x0 /home/macload1/RPi/BareMetal/gcc-arm-none-eabi-5_4-2016q3/bin/../lib/gcc/arm-none-eabi/5.4.1/libgcc.a(_arm_muldivsf3.o)
 .bss           0x00033638        0x0 /home/macload1/RPi/BareMetal/gcc-arm-none-eabi-5_4-2016q3/bin/../lib/gcc/arm-none-eabi/5.4.1/libgcc.a(_arm_fixsfsi.o)
 .bss           0x00033638        0x0 /home/macload1/RPi/BareMetal/gcc-arm-none-eabi-5_4-2016q3/bin/../lib/gcc/arm-none-eabi/5.4.1/libgcc.a(_aeabi_uldivmod.o)
 .bss           0x00033638        0x0 /home/macload1/RPi/BareMetal/gcc-arm-none-eabi-5_4-2016q3/bin/../lib/gcc/arm-none-eabi/5.4.1/libgcc.a(_udivmoddi4.o)
 .bss           0x00033638        0x0 /home/macload1/RPi/BareMetal/gcc-arm-none-eabi-5_4-2016q3/bin/../lib/gcc/arm-none-eabi/5.4.1/libgcc.a(_clzdi2.o)
 .bss           0x00033638        0x0 /home/macload1/RPi/BareMetal/gcc-arm-none-eabi-5_4-2016q3/bin/../lib/gcc/arm-none-eabi/5.4.1/libgcc.a(_clzsi2.o)
 *(.bss.*)
 .bss.__malloc_max_total_mem
                0x00033638        0x4 /home/macload1/RPi/BareMetal/gcc-arm-none-eabi-5_4-2016q3/arm-none-eabi/lib/libc.a(lib_a-mallocr.o)
                0x00033638                __malloc_max_total_mem
 .bss.__malloc_max_sbrked_mem
                0x0003363c        0x4 /home/macload1/RPi/BareMetal/gcc-arm-none-eabi-5_4-2016q3/arm-none-eabi/lib/libc.a(lib_a-mallocr.o)
                0x0003363c                __malloc_max_sbrked_mem
 .bss.__malloc_top_pad
                0x00033640        0x4 /home/macload1/RPi/BareMetal/gcc-arm-none-eabi-5_4-2016q3/arm-none-eabi/lib/libc.a(lib_a-mallocr.o)
                0x00033640                __malloc_top_pad
 .bss.__malloc_current_mallinfo
                0x00033644       0x28 /home/macload1/RPi/BareMetal/gcc-arm-none-eabi-5_4-2016q3/arm-none-eabi/lib/libc.a(lib_a-mallocr.o)
                0x00033644                __malloc_current_mallinfo
 .bss._PathLocale
                0x0003366c        0x4 /home/macload1/RPi/BareMetal/gcc-arm-none-eabi-5_4-2016q3/arm-none-eabi/lib/libc.a(lib_a-locale.o)
                0x0003366c                _PathLocale
                0x00033670                __bss_end = .
                0x00033670                __bss_end__ = __bss_end
 COMMON         0x00033670       0x60 src/Demo/Tasks/displayTask.o
                0x00033670                xMessage
                0x000336c4                GW_wifi
                0x000336c8                g_pLCDQueue
                0x000336cc                GW_global
 COMMON         0x000336d0        0x4 /home/macload1/RPi/BareMetal/gcc-arm-none-eabi-5_4-2016q3/arm-none-eabi/lib/libc.a(lib_a-reent.o)
                0x000336d0                errno

.heap           0x08010000        0x0
                0x08010000                __heap_start = .
                0x08010000                end = __heap_start
                0x08010000                _end = end
                0x08010000                __end = end
 *(.heap)
                0x0c010000                __heap_end = (ORIGIN (HEAP) + LENGTH (HEAP))
                0x0c010000                _estack = (ORIGIN (HEAP) + LENGTH (HEAP))
OUTPUT(bin/kernel.elf elf32-littlearm)

.ARM.attributes
                0x00000000       0x2a
 .ARM.attributes
                0x00000000       0x14 src/Demo/startup.o
 .ARM.attributes
                0x00000014       0x2e src/FreeRTOS/Source/portable/GCC/RaspberryPi/portisr.o
 .ARM.attributes
                0x00000042       0x2e src/FreeRTOS/Source/portable/GCC/RaspberryPi/port.o
 .ARM.attributes
                0x00000070       0x2e src/FreeRTOS/Source/portable/MemMang/heap_4.o
 .ARM.attributes
                0x0000009e       0x2e src/FreeRTOS/Source/queue.o
 .ARM.attributes
                0x000000cc       0x2e src/FreeRTOS/Source/croutine.o
 .ARM.attributes
                0x000000fa       0x2e src/FreeRTOS/Source/list.o
 .ARM.attributes
                0x00000128       0x2e src/FreeRTOS/Source/stream_buffer.o
 .ARM.attributes
                0x00000156       0x2e src/FreeRTOS/Source/event_groups.o
 .ARM.attributes
                0x00000184       0x2e src/FreeRTOS/Source/tasks.o
 .ARM.attributes
                0x000001b2       0x2e src/FreeRTOS/Source/timers.o
 .ARM.attributes
                0x000001e0       0x2e src/Demo/Drivers/interrupts.o
 .ARM.attributes
                0x0000020e       0x2e src/Demo/Drivers/uart.o
 .ARM.attributes
                0x0000023c       0x2e src/Demo/Drivers/gpio.o
 .ARM.attributes
                0x0000026a       0x2e src/Demo/Drivers/bcm2835.o
 .ARM.attributes
                0x00000298       0x2e src/Demo/Graphics/mailbox.o
 .ARM.attributes
                0x000002c6       0x2e src/Demo/Graphics/framebuffer.o
 .ARM.attributes
                0x000002f4       0x2e src/Demo/Tasks/displayTask.o
 .ARM.attributes
                0x00000322       0x2e src/Demo/main.o
 .ARM.attributes
                0x00000350       0x2e src/uGFX/src/gfx.o
 .ARM.attributes
                0x0000037e       0x2e src/uGFX/src/gos/chibios.o
 .ARM.attributes
                0x000003ac       0x2e src/uGFX/src/gos/freertos.o
 .ARM.attributes
                0x000003da       0x2e src/uGFX/src/gos/win32.o
 .ARM.attributes
                0x00000408       0x2e src/uGFX/src/gos/linux.o
 .ARM.attributes
                0x00000436       0x2e src/uGFX/src/gos/osx.o
 .ARM.attributes
                0x00000464       0x2e src/uGFX/src/gos/raw32.o
 .ARM.attributes
                0x00000492       0x2e src/uGFX/src/gqueue/gqueue.o
 .ARM.attributes
                0x000004c0       0x2e src/uGFX/src/gdisp/gdisp.o
 .ARM.attributes
                0x000004ee       0x2e src/uGFX/src/gdisp/fonts.o
 .ARM.attributes
                0x0000051c       0x2e src/uGFX/src/gdisp/image.o
 .ARM.attributes
                0x0000054a       0x2e src/uGFX/src/gdisp/image_native.o
 .ARM.attributes
                0x00000578       0x2e src/uGFX/src/gdisp/image_gif.o
 .ARM.attributes
                0x000005a6       0x2e src/uGFX/src/gdisp/image_bmp.o
 .ARM.attributes
                0x000005d4       0x2e src/uGFX/src/gdisp/image_jpg.o
 .ARM.attributes
                0x00000602       0x2e src/uGFX/src/gdisp/image_png.o
 .ARM.attributes
                0x00000630       0x2e src/uGFX/src/gdisp/mcufont/mf_encoding.o
 .ARM.attributes
                0x0000065e       0x2e src/uGFX/src/gdisp/mcufont/mf_font.o
 .ARM.attributes
                0x0000068c       0x2e src/uGFX/src/gdisp/mcufont/mf_justify.o
 .ARM.attributes
                0x000006ba       0x2e src/uGFX/src/gdisp/mcufont/mf_kerning.o
 .ARM.attributes
                0x000006e8       0x2e src/uGFX/src/gdisp/mcufont/mf_rlefont.o
 .ARM.attributes
                0x00000716       0x2e src/uGFX/src/gdisp/mcufont/mf_bwfont.o
 .ARM.attributes
                0x00000744       0x2e src/uGFX/src/gdisp/mcufont/mf_scaledfont.o
 .ARM.attributes
                0x00000772       0x2e src/uGFX/src/gdisp/mcufont/mf_wordwrap.o
 .ARM.attributes
                0x000007a0       0x2e src/uGFX/src/gevent/gevent.o
 .ARM.attributes
                0x000007ce       0x2e src/uGFX/src/gtimer/gtimer.o
 .ARM.attributes
                0x000007fc       0x2e src/uGFX/src/gwin/gwin.o
 .ARM.attributes
                0x0000082a       0x2e src/uGFX/src/gwin/gwidget.o
 .ARM.attributes
                0x00000858       0x2e src/uGFX/src/gwin/gwm.o
 .ARM.attributes
                0x00000886       0x2e src/uGFX/src/gwin/console.o
 .ARM.attributes
                0x000008b4       0x2e src/uGFX/src/gwin/graph.o
 .ARM.attributes
                0x000008e2       0x2e src/uGFX/src/gwin/button.o
 .ARM.attributes
                0x00000910       0x2e src/uGFX/src/gwin/slider.o
 .ARM.attributes
                0x0000093e       0x2e src/uGFX/src/gwin/checkbox.o
 .ARM.attributes
                0x0000096c       0x2e src/uGFX/src/gwin/gimage.o
 .ARM.attributes
                0x0000099a       0x2e src/uGFX/src/gwin/label.o
 .ARM.attributes
                0x000009c8       0x2e src/uGFX/src/gwin/radio.o
 .ARM.attributes
                0x000009f6       0x2e src/uGFX/src/gwin/list.o
 .ARM.attributes
                0x00000a24       0x2e src/uGFX/src/gwin/progressbar.o
 .ARM.attributes
                0x00000a52       0x2e src/uGFX/src/gwin/gcontainer.o
 .ARM.attributes
                0x00000a80       0x2e src/uGFX/src/gwin/frame.o
 .ARM.attributes
                0x00000aae       0x2e src/uGFX/src/ginput/ginput.o
 .ARM.attributes
                0x00000adc       0x2e src/uGFX/src/ginput/mouse.o
 .ARM.attributes
                0x00000b0a       0x2e src/uGFX/src/ginput/keyboard.o
 .ARM.attributes
                0x00000b38       0x2e src/uGFX/src/ginput/toggle.o
 .ARM.attributes
                0x00000b66       0x2e src/uGFX/src/ginput/dial.o
 .ARM.attributes
                0x00000b94       0x2e src/uGFX/src/gadc/gadc.o
 .ARM.attributes
                0x00000bc2       0x2e src/uGFX/src/gaudio/gaudio.o
 .ARM.attributes
                0x00000bf0       0x2e src/uGFX/src/gmisc/gmisc.o
 .ARM.attributes
                0x00000c1e       0x2e src/uGFX/src/gmisc/arrayops.o
 .ARM.attributes
                0x00000c4c       0x2e src/uGFX/src/gmisc/trig.o
 .ARM.attributes
                0x00000c7a       0x2e src/uGFX/src/gfile/fatfs/fatfs.o
 .ARM.attributes
                0x00000ca8       0x2e src/uGFX/src/gfile/fatfs/fatfs_syscall.o
 .ARM.attributes
                0x00000cd6       0x2e src/uGFX/src/gfile/fatfs/fatfs_chibios_diskio.o
 .ARM.attributes
                0x00000d04       0x2e src/uGFX/src/gfile/gfile.o
 .ARM.attributes
                0x00000d32       0x2e src/uGFX/drivers/gdisp/framebuffer/gdisp_lld_framebuffer.o
 .ARM.attributes
                0x00000d60       0x30 /home/macload1/RPi/BareMetal/gcc-arm-none-eabi-5_4-2016q3/arm-none-eabi/lib/libc.a(lib_a-memcpy-stub.o)
 .ARM.attributes
                0x00000d90       0x30 /home/macload1/RPi/BareMetal/gcc-arm-none-eabi-5_4-2016q3/arm-none-eabi/lib/libc.a(lib_a-memset.o)
 .ARM.attributes
                0x00000dc0       0x30 /home/macload1/RPi/BareMetal/gcc-arm-none-eabi-5_4-2016q3/arm-none-eabi/lib/libc.a(lib_a-sprintf.o)
 .ARM.attributes
                0x00000df0       0x30 /home/macload1/RPi/BareMetal/gcc-arm-none-eabi-5_4-2016q3/arm-none-eabi/lib/libc.a(lib_a-svfprintf.o)
 .ARM.attributes
                0x00000e20       0x30 /home/macload1/RPi/BareMetal/gcc-arm-none-eabi-5_4-2016q3/arm-none-eabi/lib/libc.a(lib_a-dtoa.o)
 .ARM.attributes
                0x00000e50       0x30 /home/macload1/RPi/BareMetal/gcc-arm-none-eabi-5_4-2016q3/arm-none-eabi/lib/libc.a(lib_a-impure.o)
 .ARM.attributes
                0x00000e80       0x30 /home/macload1/RPi/BareMetal/gcc-arm-none-eabi-5_4-2016q3/arm-none-eabi/lib/libc.a(lib_a-localeconv.o)
 .ARM.attributes
                0x00000eb0       0x30 /home/macload1/RPi/BareMetal/gcc-arm-none-eabi-5_4-2016q3/arm-none-eabi/lib/libc.a(lib_a-mallocr.o)
 .ARM.attributes
                0x00000ee0       0x30 /home/macload1/RPi/BareMetal/gcc-arm-none-eabi-5_4-2016q3/arm-none-eabi/lib/libc.a(lib_a-memchr-stub.o)
 .ARM.attributes
                0x00000f10       0x30 /home/macload1/RPi/BareMetal/gcc-arm-none-eabi-5_4-2016q3/arm-none-eabi/lib/libc.a(lib_a-mlock.o)
 .ARM.attributes
                0x00000f40       0x30 /home/macload1/RPi/BareMetal/gcc-arm-none-eabi-5_4-2016q3/arm-none-eabi/lib/libc.a(lib_a-mprec.o)
 .ARM.attributes
                0x00000f70       0x30 /home/macload1/RPi/BareMetal/gcc-arm-none-eabi-5_4-2016q3/arm-none-eabi/lib/libc.a(lib_a-sbrkr.o)
 .ARM.attributes
                0x00000fa0       0x30 /home/macload1/RPi/BareMetal/gcc-arm-none-eabi-5_4-2016q3/arm-none-eabi/lib/libc.a(lib_a-strlen-stub.o)
 .ARM.attributes
                0x00000fd0       0x30 /home/macload1/RPi/BareMetal/gcc-arm-none-eabi-5_4-2016q3/arm-none-eabi/lib/libc.a(lib_a-svfiprintf.o)
 .ARM.attributes
                0x00001000       0x30 /home/macload1/RPi/BareMetal/gcc-arm-none-eabi-5_4-2016q3/arm-none-eabi/lib/libc.a(lib_a-callocr.o)
 .ARM.attributes
                0x00001030       0x30 /home/macload1/RPi/BareMetal/gcc-arm-none-eabi-5_4-2016q3/arm-none-eabi/lib/libc.a(lib_a-freer.o)
 .ARM.attributes
                0x00001060       0x30 /home/macload1/RPi/BareMetal/gcc-arm-none-eabi-5_4-2016q3/arm-none-eabi/lib/libc.a(lib_a-locale.o)
 .ARM.attributes
                0x00001090       0x30 /home/macload1/RPi/BareMetal/gcc-arm-none-eabi-5_4-2016q3/arm-none-eabi/lib/libc.a(lib_a-mbtowc_r.o)
 .ARM.attributes
                0x000010c0       0x30 /home/macload1/RPi/BareMetal/gcc-arm-none-eabi-5_4-2016q3/arm-none-eabi/lib/libc.a(lib_a-memmove.o)
 .ARM.attributes
                0x000010f0       0x30 /home/macload1/RPi/BareMetal/gcc-arm-none-eabi-5_4-2016q3/arm-none-eabi/lib/libc.a(lib_a-reallocr.o)
 .ARM.attributes
                0x00001120       0x30 /home/macload1/RPi/BareMetal/gcc-arm-none-eabi-5_4-2016q3/arm-none-eabi/lib/libc.a(lib_a-reent.o)
 .ARM.attributes
                0x00001150       0x16 /home/macload1/RPi/BareMetal/gcc-arm-none-eabi-5_4-2016q3/arm-none-eabi/lib/libc.a(lib_a-strcmp.o)
 .ARM.attributes
                0x00001166       0x30 /home/macload1/RPi/BareMetal/gcc-arm-none-eabi-5_4-2016q3/arm-none-eabi/lib/libc.a(lib_a-wctomb_r.o)
 .ARM.attributes
                0x00001196       0x30 /home/macload1/RPi/BareMetal/gcc-arm-none-eabi-5_4-2016q3/arm-none-eabi/lib/libc.a(lib_a-ctype_.o)
 .ARM.attributes
                0x000011c6       0x18 /home/macload1/RPi/BareMetal/gcc-arm-none-eabi-5_4-2016q3/bin/../lib/gcc/arm-none-eabi/5.4.1/libgcc.a(_udivsi3.o)
 .ARM.attributes
                0x000011de       0x18 /home/macload1/RPi/BareMetal/gcc-arm-none-eabi-5_4-2016q3/bin/../lib/gcc/arm-none-eabi/5.4.1/libgcc.a(_divsi3.o)
 .ARM.attributes
                0x000011f6       0x18 /home/macload1/RPi/BareMetal/gcc-arm-none-eabi-5_4-2016q3/bin/../lib/gcc/arm-none-eabi/5.4.1/libgcc.a(_dvmd_tls.o)
 .ARM.attributes
                0x0000120e       0x18 /home/macload1/RPi/BareMetal/gcc-arm-none-eabi-5_4-2016q3/bin/../lib/gcc/arm-none-eabi/5.4.1/libgcc.a(_arm_addsubdf3.o)
 .ARM.attributes
                0x00001226       0x18 /home/macload1/RPi/BareMetal/gcc-arm-none-eabi-5_4-2016q3/bin/../lib/gcc/arm-none-eabi/5.4.1/libgcc.a(_arm_muldivdf3.o)
 .ARM.attributes
                0x0000123e       0x18 /home/macload1/RPi/BareMetal/gcc-arm-none-eabi-5_4-2016q3/bin/../lib/gcc/arm-none-eabi/5.4.1/libgcc.a(_arm_cmpdf2.o)
 .ARM.attributes
                0x00001256       0x18 /home/macload1/RPi/BareMetal/gcc-arm-none-eabi-5_4-2016q3/bin/../lib/gcc/arm-none-eabi/5.4.1/libgcc.a(_arm_unorddf2.o)
 .ARM.attributes